
Start-Date: 2026-07-08  06:38:44
Commandline: apt-get -qq install -y dirmngr wget apt-transport-https
Install: readline-common:amd64 (8.2-1.3, automatic), gpg:amd64 (2.2.40-1.1+deb12u2, automatic), libldap-common:amd64 (2.5.13+dfsg-5, automatic), libsasl2-modules:amd64 (2.1.28+dfsg-10, automatic), libsasl2-2:amd64 (2.1.28+dfsg-10, automatic), libgpm2:amd64 (1.20.7-10+b1, automatic), gnupg:amd64 (2.2.40-1.1+deb12u2, automatic), libsasl2-modules-db:amd64 (2.1.28+dfsg-10, automatic), gpg-wks-server:amd64 (2.2.40-1.1+deb12u2, automatic), libldap-2.5-0:amd64 (2.5.13+dfsg-5, automatic), gpg-agent:amd64 (2.2.40-1.1+deb12u2, automatic), wget:amd64 (1.21.3-1+deb12u1), libreadline8:amd64 (8.2-1.3, automatic), publicsuffix:amd64 (20230209.2326-1, automatic), libassuan0:amd64 (2.5.5-5, automatic), libnpth0:amd64 (1.6-3, automatic), libssl3:amd64 (3.0.20-1~deb12u2, automatic), libsqlite3-0:amd64 (3.40.1-2+deb12u2, automatic), pinentry-curses:amd64 (1.2.1-1, automatic), gpgsm:amd64 (2.2.40-1.1+deb12u2, automatic), ca-certificates:amd64 (20230311+deb12u1, automatic), apt-transport-https:amd64 (2.6.1), dirmngr:amd64 (2.2.40-1.1+deb12u2), libksba8:amd64 (1.6.3-2, automatic), gnupg-utils:amd64 (2.2.40-1.1+deb12u2, automatic), gnupg-l10n:amd64 (2.2.40-1.1+deb12u2, automatic), gpg-wks-client:amd64 (2.2.40-1.1+deb12u2, automatic), libncursesw6:amd64 (6.4-4, automatic), gpgconf:amd64 (2.2.40-1.1+deb12u2, automatic), libpsl5:amd64 (0.21.2-1, automatic), openssl:amd64 (3.0.20-1~deb12u2, automatic)
End-Date: 2026-07-08  06:38:50

Start-Date: 2026-07-08  06:38:54
Commandline: apt-get -qq upgrade
Upgrade: dpkg:amd64 (1.21.22, 1.21.23), tzdata:amd64 (2025b-0+deb12u2, 2026b-0+deb12u1), sed:amd64 (4.9-1, 4.9-1+deb12u1), libsystemd0:amd64 (252.39-1~deb12u1, 252.39-1~deb12u2), libudev1:amd64 (252.39-1~deb12u1, 252.39-1~deb12u2), libcap2:amd64 (1:2.66-4+deb12u2+b2, 1:2.66-4+deb12u3+b1), libc6:amd64 (2.36-9+deb12u13, 2.36-9+deb12u14), bash:amd64 (5.2.15-2+b10, 5.2.15-2+b13), libgcrypt20:amd64 (1.10.1-3, 1.10.1-3+deb12u1), base-files:amd64 (12.4+deb12u13, 12.4+deb12u14), libc-bin:amd64 (2.36-9+deb12u13, 2.36-9+deb12u14), libgnutls30:amd64 (3.7.9-2+deb12u6, 3.7.9-2+deb12u7)
End-Date: 2026-07-08  06:39:02

Start-Date: 2026-07-08  06:39:03
Commandline: apt-get -qq -y --no-install-recommends install locales rsyslog nano tar patch libarchive-tools cron logrotate
Install: libarchive13:amd64 (3.6.2-1+deb12u4, automatic), patch:amd64 (2.7.6-7), libpopt0:amd64 (1.19+dfsg-1, automatic), logrotate:amd64 (3.21.0-1), libarchive-tools:amd64 (3.6.2-1+deb12u4), libfastjson4:amd64 (1.2304.0-1, automatic), libxml2:amd64 (2.9.14+dfsg-1.3~deb12u5, automatic), sensible-utils:amd64 (0.0.17+nmu1, automatic), locales:amd64 (2.36-9+deb12u14), rsyslog:amd64 (8.2302.0-1+deb12u1), liblognorm5:amd64 (2.0.6-4, automatic), libestr0:amd64 (0.1.11-1, automatic), nano:amd64 (7.2-1+deb12u1), libc-l10n:amd64 (2.36-9+deb12u14, automatic), cron-daemon-common:amd64 (3.0pl1-162, automatic), cron:amd64 (3.0pl1-162), libicu72:amd64 (72.1-3+deb12u1, automatic)
End-Date: 2026-07-08  06:39:08

Start-Date: 2026-07-08  06:39:10
Commandline: apt-get -qq -y --no-install-recommends install dovecot-core dovecot-imapd dovecot-pop3d dovecot-sqlite dovecot-sieve dovecot-managesieved dovecot-lmtpd msmtp msmtp-mta dovecot-solr
Install: libkeyutils1:amd64 (1.6.3-2, automatic), dovecot-ldap:amd64 (2:2.4.4-5+debian12, automatic), libsecret-1-0:amd64 (0.20.5-3, automatic), libgssapi-krb5-2:amd64 (1.20.1-2+deb12u5, automatic), libidn12:amd64 (1.41-1, automatic), libtirpc-common:amd64 (1.3.3+ds-1, automatic), libunwind8:amd64 (1.6.2-3, automatic), libntlm0:amd64 (1.6-4, automatic), ucf:amd64 (3.0043+nmu1+deb12u1, automatic), dovecot-imapd:amd64 (2:2.4.4-5+debian12), dovecot-sqlite:amd64 (2:2.4.4-5+debian12), libexpat1:amd64 (2.5.0-1+deb12u2, automatic), libapparmor1:amd64 (3.0.8-3, automatic), libkrb5support0:amd64 (1.20.1-2+deb12u5, automatic), dovecot-solr:amd64 (2:2.4.4-5+debian12), dovecot-lmtpd:amd64 (2:2.4.4-5+debian12), libstemmer0d:amd64 (2.2.0-2, automatic), msmtp:amd64 (1.8.23-1), dovecot-core:amd64 (2:2.4.4-5+debian12), libsodium23:amd64 (1.0.18-1+deb12u1, automatic), libcdb1:amd64 (0.78+b1, automatic), libgsasl18:amd64 (2.2.0-1+deb12u1, automatic), libkrb5-3:amd64 (1.20.1-2+deb12u5, automatic), libk5crypto3:amd64 (1.20.1-2+deb12u5, automatic), msmtp-mta:amd64 (1.8.23-1), libgssglue1:amd64 (0.7-1.1, automatic), libglib2.0-0:amd64 (2.74.6-2+deb12u9, automatic), dovecot-managesieved:amd64 (2:2.4.4-5+debian12), dovecot-sieve:amd64 (2:2.4.4-5+debian12), libsecret-common:amd64 (0.20.5-3, automatic), libpcre2-32-0:amd64 (10.42-1, automatic), dovecot-pop3d:amd64 (2:2.4.4-5+debian12), libtirpc3:amd64 (1.3.3+ds-1, automatic)
End-Date: 2026-07-08  06:39:16

Start-Date: 2026-07-08  06:39:18
Commandline: apt-get -qq -y --no-install-recommends install rspamd
Install: rspamd:amd64 (4.1.1-1~0f29274~bookworm), libbinutils:amd64 (2.40-2, automatic), binutils-common:amd64 (2.40-2, automatic), libhyperscan5:amd64 (5.4.0-2, automatic)
End-Date: 2026-07-08  06:39:20

Start-Date: 2026-07-08  06:39:22
Commandline: apt-get -qq -y --no-install-recommends install sqlite3
Install: sqlite3:amd64 (3.40.1-2+deb12u2)
End-Date: 2026-07-08  06:39:22

Start-Date: 2026-07-08  06:39:23
Commandline: apt-get -qq -y --no-install-recommends install dnsutils mpack unzip sudo psmisc net-tools
Install: bind9-host:amd64 (1:9.18.49-1~deb12u1, automatic), libnghttp2-14:amd64 (1.52.0-1+deb12u3, automatic), libbsd0:amd64 (0.11.7-2, automatic), psmisc:amd64 (23.6-1), libmaxminddb0:amd64 (1.7.1-1, automatic), libprotobuf-c1:amd64 (1.4.1-1+b1, automatic), net-tools:amd64 (2.10-0.1+deb12u2), bind9-dnsutils:amd64 (1:9.18.49-1~deb12u1, automatic), libjemalloc2:amd64 (5.3.0-1, automatic), libjson-c5:amd64 (0.16-2, automatic), bind9-libs:amd64 (1:9.18.49-1~deb12u1, automatic), liblmdb0:amd64 (0.9.24-1, automatic), sudo:amd64 (1.9.13p3-1+deb12u4), mpack:amd64 (1.6-18+b1), unzip:amd64 (6.0-28), libedit2:amd64 (3.1-20221030-2, automatic), libfstrm0:amd64 (0.6.1-1, automatic), dnsutils:amd64 (1:9.18.49-1~deb12u1), libuv1:amd64 (1.44.2-1+deb12u1, automatic)
End-Date: 2026-07-08  06:39:25

Start-Date: 2026-07-08  06:39:27
Commandline: apt-get -qq -y --no-install-recommends install redis-server
Install: redis-server:amd64 (5:7.0.15-1~deb12u7), liblzf1:amd64 (3.6-3, automatic), redis-tools:amd64 (5:7.0.15-1~deb12u7, automatic), libatomic1:amd64 (12.2.0-14+deb12u1, automatic)
End-Date: 2026-07-08  06:39:27

Start-Date: 2026-07-08  06:39:29
Commandline: apt-get -qq -y --no-install-recommends install p0f net-tools
Install: p0f:amd64 (3.09b-3), libdbus-1-3:amd64 (1.14.10-1~deb12u1, automatic), libpcap0.8:amd64 (1.10.3-1, automatic)
End-Date: 2026-07-08  06:39:29

Start-Date: 2026-07-08  06:39:30
Commandline: apt-get -qq -y --no-install-recommends install bind9-host wget curl netcat-openbsd
Install: libssh2-1:amd64 (1.10.0-3+b1, automatic), libcurl4:amd64 (7.88.1-10+deb12u14, automatic), librtmp1:amd64 (2.4+20151223.gitfa8646d.1-2+b2, automatic), libbrotli1:amd64 (1.0.9-2+b6, automatic), curl:amd64 (7.88.1-10+deb12u14), netcat-openbsd:amd64 (1.219-1)
End-Date: 2026-07-08  06:39:31

Start-Date: 2026-07-08  06:39:33
Commandline: apt-get -qq -y --no-install-recommends install nginx-light php-common php-fpm php-intl php-sqlite3 php-cli php-xmlrpc php-curl php-mbstring php-zip php-xml php-bcmath
Install: libxtables12:amd64 (1.8.9-2, automatic), php-xmlrpc:amd64 (3:1.0.0~rc3-6), libonig5:amd64 (6.9.8-1, automatic), libmagic-mgc:amd64 (1:5.44-3, automatic), libcap2-bin:amd64 (1:2.66-4+deb12u3+b1, automatic), nginx:amd64 (1.22.1-9+deb12u9, automatic), nginx-common:amd64 (1.22.1-9+deb12u9, automatic), libmagic1:amd64 (1:5.44-3, automatic), php-common:amd64 (2:93), libproc2-0:amd64 (2:4.0.2-3, automatic), libip4tc2:amd64 (1.8.9-2, automatic), php8.2-mbstring:amd64 (8.2.32-1~deb12u1, automatic), nginx-light:amd64 (1.22.1-9+deb12u9), php8.2-curl:amd64 (8.2.32-1~deb12u1, automatic), libbpf1:amd64 (1:1.1.2-0+deb12u1, automatic), libmnl0:amd64 (1.0.4-3, automatic), php8.2-bcmath:amd64 (8.2.32-1~deb12u1, automatic), php8.2-opcache:amd64 (8.2.32-1~deb12u1, automatic), php-curl:amd64 (2:8.2+93), systemd:amd64 (252.39-1~deb12u2, automatic), php8.2-intl:amd64 (8.2.32-1~deb12u1, automatic), php8.2-readline:amd64 (8.2.32-1~deb12u1, automatic), libfdisk1:amd64 (2.38.1-5+deb12u3, automatic), php-intl:amd64 (2:8.2+93), php-mbstring:amd64 (2:8.2+93), media-types:amd64 (10.0.0, automatic), php-cli:amd64 (2:8.2+93), php-fpm:amd64 (2:8.2+93), dmsetup:amd64 (2:1.02.185-2, automatic), libxslt1.1:amd64 (1.1.35-1+deb12u4, automatic), libcryptsetup12:amd64 (2:2.6.1-4~deb12u2, automatic), php8.2-xmlrpc:amd64 (3:1.0.0~rc3-6, automatic), php-xml:amd64 (2:8.2+93), php-zip:amd64 (2:8.2+93), procps:amd64 (2:4.0.2-3, automatic), libxmlrpc-epi0:amd64 (0.54.2-1.3+b1, automatic), libzip4:amd64 (1.7.3-1+b1, automatic), libsystemd-shared:amd64 (252.39-1~deb12u2, automatic), libnginx-mod-http-echo:amd64 (1:0.63-4, automatic), php-bcmath:amd64 (2:8.2+93), libkmod2:amd64 (30+20221128-1, automatic), php8.2-sqlite3:amd64 (8.2.32-1~deb12u1, automatic), libargon2-1:amd64 (0~20171227-0.3+deb12u1, automatic), php8.2-cli:amd64 (8.2.32-1~deb12u1, automatic), php8.2-fpm:amd64 (8.2.32-1~deb12u1, automatic), php8.2-common:amd64 (8.2.32-1~deb12u1, automatic), libelf1:amd64 (0.188-2.1, automatic), iproute2:amd64 (6.1.0-3, automatic), libdevmapper1.02.1:amd64 (2:1.02.185-2, automatic), php-sqlite3:amd64 (2:8.2+93), php8.2-xml:amd64 (8.2.32-1~deb12u1, automatic), php8.2-zip:amd64 (8.2.32-1~deb12u1, automatic)
End-Date: 2026-07-08  06:39:53

Start-Date: 2026-07-08  06:39:55
Commandline: apt-get -qq -y --no-install-recommends install php-soap php-imap
Install: mlock:amd64 (8:2007f~dfsg-7+b2, automatic), sgml-base:amd64 (1.31, automatic), php8.2-soap:amd64 (8.2.32-1~deb12u1, automatic), php-soap:amd64 (2:8.2+93), php8.2-imap:amd64 (8.2.32-1~deb12u1, automatic), php-imap:amd64 (2:8.2+93), libc-client2007e:amd64 (8:2007f~dfsg-7+b2, automatic)
End-Date: 2026-07-08  06:39:56

Start-Date: 2026-07-08  06:39:58
Commandline: apt-get -qq -y --no-install-recommends install git
Install: libperl5.36:amd64 (5.36.0-7+deb12u3, automatic), libgdbm-compat4:amd64 (1.23-3, automatic), libcurl3-gnutls:amd64 (7.88.1-10+deb12u14, automatic), git:amd64 (1:2.39.5-0+deb12u3), perl:amd64 (5.36.0-7+deb12u3, automatic), liberror-perl:amd64 (0.17029-2, automatic), perl-modules-5.36:amd64 (5.36.0-7+deb12u3, automatic), git-man:amd64 (1:2.39.5-0+deb12u3, automatic), libgdbm6:amd64 (1.23-3, automatic)
End-Date: 2026-07-08  06:40:01

Start-Date: 2026-07-08  06:40:39
Commandline: apt-get remove git -y
Remove: git:amd64 (1:2.39.5-0+deb12u3)
End-Date: 2026-07-08  06:40:39
