update-alternatives 2026-07-08 06:38:46: run with --quiet --install /usr/bin/pinentry pinentry /usr/bin/pinentry-curses 50 --slave /usr/share/man/man1/pinentry.1.gz pinentry.1.gz /usr/share/man/man1/pinentry-curses.1.gz
update-alternatives 2026-07-08 06:38:46: link group pinentry updated to point to /usr/bin/pinentry-curses
update-alternatives 2026-07-08 06:38:54: run with --remove builtins.7.gz /usr/share/man/man7/bash-builtins.7.gz
update-alternatives 2026-07-08 06:38:54: link group builtins.7.gz fully removed
update-alternatives 2026-07-08 06:38:54: run with --install /usr/share/man/man7/builtins.7.gz builtins.7.gz /usr/share/man/man7/bash-builtins.7.gz 10
update-alternatives 2026-07-08 06:38:54: link group builtins.7.gz updated to point to /usr/share/man/man7/bash-builtins.7.gz
update-alternatives 2026-07-08 06:39:07: run with --install /usr/bin/editor editor /bin/nano 40 --slave /usr/share/man/man1/editor.1.gz editor.1.gz /usr/share/man/man1/nano.1.gz
update-alternatives 2026-07-08 06:39:07: link group editor updated to point to /bin/nano
update-alternatives 2026-07-08 06:39:07: run with --install /usr/bin/pico pico /bin/nano 10 --slave /usr/share/man/man1/pico.1.gz pico.1.gz /usr/share/man/man1/nano.1.gz
update-alternatives 2026-07-08 06:39:07: link group pico updated to point to /bin/nano
update-alternatives 2026-07-08 06:39:31: run with --install /bin/nc nc /bin/nc.openbsd 50 --slave /bin/netcat netcat /bin/nc.openbsd --slave /usr/share/man/man1/nc.1.gz nc.1.gz /usr/share/man/man1/nc_openbsd.1.gz --slave /usr/share/man/man1/netcat.1.gz netcat.1.gz /usr/share/man/man1/nc_openbsd.1.gz
update-alternatives 2026-07-08 06:39:31: link group nc updated to point to /bin/nc.openbsd
update-alternatives 2026-07-08 06:39:46: run with --install /usr/bin/php php /usr/bin/php8.2 82 --slave /usr/share/man/man1/php.1.gz php.1.gz /usr/share/man/man1/php8.2.1.gz
update-alternatives 2026-07-08 06:39:46: link group php updated to point to /usr/bin/php8.2
update-alternatives 2026-07-08 06:39:46: run with --install /usr/bin/phar phar /usr/bin/phar8.2 82 --slave /usr/share/man/man1/phar.1.gz phar.1.gz /usr/share/man/man1/phar8.2.1.gz
update-alternatives 2026-07-08 06:39:46: link group phar updated to point to /usr/bin/phar8.2
update-alternatives 2026-07-08 06:39:46: run with --install /usr/bin/phar.phar phar.phar /usr/bin/phar.phar8.2 82 --slave /usr/share/man/man1/phar.phar.1.gz phar.phar.1.gz /usr/share/man/man1/phar.phar8.2.1.gz
update-alternatives 2026-07-08 06:39:46: link group phar.phar updated to point to /usr/bin/phar.phar8.2
update-alternatives 2026-07-08 06:39:51: run with --install /usr/bin/php php /usr/bin/php.default 100 --slave /usr/share/man/man1/php.1.gz php.1.gz /usr/share/man/man1/php.default.1.gz
update-alternatives 2026-07-08 06:39:51: link group php updated to point to /usr/bin/php.default
update-alternatives 2026-07-08 06:39:51: run with --install /usr/bin/phar phar /usr/bin/phar.default 100 --slave /usr/share/man/man1/phar.1.gz phar.1.gz /usr/share/man/man1/phar.default.1.gz
update-alternatives 2026-07-08 06:39:51: link group phar updated to point to /usr/bin/phar.default
update-alternatives 2026-07-08 06:39:51: run with --install /usr/bin/phar.phar phar.phar /usr/bin/phar.phar.default 100 --slave /usr/share/man/man1/phar.phar.1.gz phar.phar.1.gz /usr/share/man/man1/phar.phar.default.1.gz
update-alternatives 2026-07-08 06:39:51: link group phar.phar updated to point to /usr/bin/phar.phar.default
