2026-07-26T00:01:01.568671-03:00 mail CRON[221445]: (root) END ([221446] /usr/sbin/logrotate /etc/logrotate.conf --state=/data/var/logrotate.status)
2026-07-26T00:09:01.575683-03:00 mail CRON[222020]: (root) CMD ([222021]  /usr/lib/php/sessionclean)
2026-07-26T00:09:02.154194-03:00 mail CRON[222020]: (root) END ([222021]  /usr/lib/php/sessionclean)
2026-07-26T00:39:01.166582-03:00 mail CRON[224169]: (root) CMD ([224170]  /usr/lib/php/sessionclean)
2026-07-26T00:39:01.708751-03:00 mail CRON[224169]: (root) END ([224170]  /usr/lib/php/sessionclean)
2026-07-26T01:09:01.721025-03:00 mail CRON[226322]: (root) CMD ([226323]  /usr/lib/php/sessionclean)
2026-07-26T01:09:02.296325-03:00 mail CRON[226322]: (root) END ([226323]  /usr/lib/php/sessionclean)
2026-07-26T01:39:01.308406-03:00 mail CRON[228431]: (root) CMD ([228432]  /usr/lib/php/sessionclean)
2026-07-26T01:39:01.852381-03:00 mail CRON[228431]: (root) END ([228432]  /usr/lib/php/sessionclean)
2026-07-26T02:09:01.862458-03:00 mail CRON[230577]: (root) CMD ([230578]  /usr/lib/php/sessionclean)
2026-07-26T02:09:02.390377-03:00 mail CRON[230577]: (root) END ([230578]  /usr/lib/php/sessionclean)
2026-07-26T02:39:01.402728-03:00 mail CRON[232723]: (root) CMD ([232724]  /usr/lib/php/sessionclean)
2026-07-26T02:39:01.950501-03:00 mail CRON[232723]: (root) END ([232724]  /usr/lib/php/sessionclean)
2026-07-26T03:09:01.961663-03:00 mail CRON[234837]: (root) CMD ([234838]  /usr/lib/php/sessionclean)
2026-07-26T03:09:02.543654-03:00 mail CRON[234837]: (root) END ([234838]  /usr/lib/php/sessionclean)
2026-07-26T03:10:01.547646-03:00 mail CRON[234950]: (root) CMD ([234952] test -e /run/systemd/system || SERVICE_MODE=1 /sbin/e2scrub_all -A -r)
2026-07-26T03:10:01.547890-03:00 mail CRON[234951]: (root) CMD ([234953] /usr/bin/latest-version)
2026-07-26T03:10:01.552456-03:00 mail CRON[234950]: (root) END ([234952] test -e /run/systemd/system || SERVICE_MODE=1 /sbin/e2scrub_all -A -r)
2026-07-26T03:30:01.561376-03:00 mail CRON[236353]: (root) CMD ([236354] test -e /run/systemd/system || SERVICE_MODE=1 /usr/lib/x86_64-linux-gnu/e2fsprogs/e2scrub_all_cron)
2026-07-26T03:30:01.568406-03:00 mail CRON[236353]: (root) END ([236354] test -e /run/systemd/system || SERVICE_MODE=1 /usr/lib/x86_64-linux-gnu/e2fsprogs/e2scrub_all_cron)
2026-07-26T03:39:01.576095-03:00 mail CRON[236988]: (root) CMD ([236989]  /usr/lib/php/sessionclean)
2026-07-26T03:39:02.146151-03:00 mail CRON[236988]: (root) END ([236989]  /usr/lib/php/sessionclean)
2026-07-26T04:09:01.157962-03:00 mail CRON[239144]: (root) CMD ([239145]  /usr/lib/php/sessionclean)
2026-07-26T04:09:01.704535-03:00 mail CRON[239144]: (root) END ([239145]  /usr/lib/php/sessionclean)
2026-07-26T04:34:58.950908-03:00 mail CRON[234951]: (root) END ([234953] /usr/bin/latest-version)
2026-07-26T04:39:01.957179-03:00 mail CRON[241259]: (root) CMD ([241260]  /usr/lib/php/sessionclean)
2026-07-26T04:39:02.491093-03:00 mail CRON[241259]: (root) END ([241260]  /usr/lib/php/sessionclean)
2026-07-26T05:09:01.503042-03:00 mail CRON[243401]: (root) CMD ([243402]  /usr/lib/php/sessionclean)
2026-07-26T05:09:02.045018-03:00 mail CRON[243401]: (root) END ([243402]  /usr/lib/php/sessionclean)
2026-07-26T05:30:01.053900-03:00 mail CRON[244913]: (root) CMD ([244914] /bin/clean-debug)
2026-07-26T05:30:01.348389-03:00 mail CRON[244913]: (root) END ([244914] /bin/clean-debug)
2026-07-26T05:39:01.355079-03:00 mail CRON[245551]: (root) CMD ([245552]  /usr/lib/php/sessionclean)
2026-07-26T05:39:01.893561-03:00 mail CRON[245551]: (root) END ([245552]  /usr/lib/php/sessionclean)
2026-07-26T06:09:01.905697-03:00 mail CRON[247653]: (root) CMD ([247654]  /usr/lib/php/sessionclean)
2026-07-26T06:09:02.468095-03:00 mail CRON[247653]: (root) END ([247654]  /usr/lib/php/sessionclean)
2026-07-26T06:10:01.472715-03:00 mail CRON[247766]: (mail) CMD ([247767] /opt/admin/bin/console check:dnsbl --env=prod > /dev/null)
2026-07-26T06:10:01.894266-03:00 mail CRON[247766]: (mail) END ([247767] /opt/admin/bin/console check:dnsbl --env=prod > /dev/null)
2026-07-26T06:11:01.898482-03:00 mail CRON[247847]: (mail) CMD ([247848] /opt/admin/bin/console check:free-space --env=prod > /dev/null)
2026-07-26T06:11:02.258528-03:00 mail CRON[247847]: (mail) END ([247848] /opt/admin/bin/console check:free-space --env=prod > /dev/null)
2026-07-26T06:12:01.262341-03:00 mail CRON[247932]: (mail) CMD ([247933] /opt/admin/bin/console check:user-quotas --env=prod > /dev/null)
2026-07-26T06:12:01.961374-03:00 mail CRON[247932]: (mail) END ([247933] /opt/admin/bin/console check:user-quotas --env=prod > /dev/null)
2026-07-26T06:25:01.971167-03:00 mail CRON[248872]: (root) CMD ([248874] /usr/sbin/poste le:renew)
2026-07-26T06:25:01.971175-03:00 mail CRON[248873]: (root) CMD ([248875] /bin/clean-auth-logs)
2026-07-26T06:25:02.267807-03:00 mail CRON[248873]: (root) END ([248875] /bin/clean-auth-logs)
2026-07-26T06:25:02.354658-03:00 mail CRON[248872]: (root) END ([248874] /usr/sbin/poste le:renew)
2026-07-26T06:26:01.358284-03:00 mail CRON[248959]: (root) CMD ([248960] /bin/clean-delivery-logs)
2026-07-26T06:26:01.468287-03:00 mail CRON[248959]: (root) END ([248960] /bin/clean-delivery-logs)
2026-07-26T06:27:01.471793-03:00 mail CRON[249036]: (root) CMD ([249037] /bin/clean-dmarcs)
2026-07-26T06:27:01.546080-03:00 mail CRON[249036]: (root) END ([249037] /bin/clean-dmarcs)
2026-07-26T06:28:01.550013-03:00 mail CRON[249114]: (root) CMD ([249115] /bin/clean-inbox-junk)
2026-07-26T06:28:02.306384-03:00 mail CRON[249114]: (root) END ([249115] /bin/clean-inbox-junk)
2026-07-26T06:29:01.310451-03:00 mail CRON[249194]: (root) CMD ([249195] /bin/clean-inbox-trash)
2026-07-26T06:29:01.826027-03:00 mail CRON[249194]: (root) END ([249195] /bin/clean-inbox-trash)
2026-07-26T06:30:01.830107-03:00 mail CRON[249272]: (root) CMD ([249273] /bin/clean-quarantine)
2026-07-26T06:30:02.109408-03:00 mail CRON[249272]: (root) END ([249273] /bin/clean-quarantine)
2026-07-26T06:31:01.112685-03:00 mail CRON[249353]: (root) CMD ([249354] /bin/legacy-clean-delivery-logs)
2026-07-26T06:31:01.116079-03:00 mail CRON[249353]: (root) END ([249354] /bin/legacy-clean-delivery-logs)
2026-07-26T06:32:01.119250-03:00 mail CRON[249426]: (root) CMD ([249427] /bin/legacy-clean-smtp-logs)
2026-07-26T06:32:01.125663-03:00 mail CRON[249426]: (root) END ([249427] /bin/legacy-clean-smtp-logs)
2026-07-26T06:39:01.130905-03:00 mail CRON[249920]: (root) CMD ([249921]  /usr/lib/php/sessionclean)
2026-07-26T06:39:01.467880-03:00 mail CRON[249920]: (root) END ([249921]  /usr/lib/php/sessionclean)
2026-07-26T07:09:01.480702-03:00 mail CRON[252070]: (root) CMD ([252071]  /usr/lib/php/sessionclean)
2026-07-26T07:09:02.028108-03:00 mail CRON[252070]: (root) END ([252071]  /usr/lib/php/sessionclean)
2026-07-26T07:39:01.039343-03:00 mail CRON[254211]: (root) CMD ([254212]  /usr/lib/php/sessionclean)
2026-07-26T07:39:01.571570-03:00 mail CRON[254211]: (root) END ([254212]  /usr/lib/php/sessionclean)
2026-07-26T08:09:01.589031-03:00 mail CRON[256320]: (root) CMD ([256321]  /usr/lib/php/sessionclean)
2026-07-26T08:09:02.182898-03:00 mail CRON[256320]: (root) END ([256321]  /usr/lib/php/sessionclean)
2026-07-26T08:39:01.195695-03:00 mail CRON[258467]: (root) CMD ([258468]  /usr/lib/php/sessionclean)
2026-07-26T08:39:01.729198-03:00 mail CRON[258467]: (root) END ([258468]  /usr/lib/php/sessionclean)
2026-07-26T09:09:01.742702-03:00 mail CRON[260610]: (root) CMD ([260611]  /usr/lib/php/sessionclean)
2026-07-26T09:09:02.291643-03:00 mail CRON[260610]: (root) END ([260611]  /usr/lib/php/sessionclean)
2026-07-26T09:39:01.304464-03:00 mail CRON[262711]: (root) CMD ([262712]  /usr/lib/php/sessionclean)
2026-07-26T09:39:01.852606-03:00 mail CRON[262711]: (root) END ([262712]  /usr/lib/php/sessionclean)
2026-07-26T10:09:01.866470-03:00 mail CRON[264853]: (root) CMD ([264854]  /usr/lib/php/sessionclean)
2026-07-26T10:09:02.411786-03:00 mail CRON[264853]: (root) END ([264854]  /usr/lib/php/sessionclean)
2026-07-26T10:39:01.425641-03:00 mail CRON[266995]: (root) CMD ([266996]  /usr/lib/php/sessionclean)
2026-07-26T10:39:01.966534-03:00 mail CRON[266995]: (root) END ([266996]  /usr/lib/php/sessionclean)
2026-07-26T11:09:01.979664-03:00 mail CRON[269103]: (root) CMD ([269104]  /usr/lib/php/sessionclean)
2026-07-26T11:09:02.557424-03:00 mail CRON[269103]: (root) END ([269104]  /usr/lib/php/sessionclean)
2026-07-26T11:39:01.573007-03:00 mail CRON[271246]: (root) CMD ([271247]  /usr/lib/php/sessionclean)
2026-07-26T11:39:02.130144-03:00 mail CRON[271246]: (root) END ([271247]  /usr/lib/php/sessionclean)
2026-07-26T12:09:01.144771-03:00 mail CRON[273384]: (root) CMD ([273385]  /usr/lib/php/sessionclean)
2026-07-26T12:09:01.706803-03:00 mail CRON[273384]: (root) END ([273385]  /usr/lib/php/sessionclean)
2026-07-26T12:39:01.719412-03:00 mail CRON[275527]: (root) CMD ([275528]  /usr/lib/php/sessionclean)
2026-07-26T12:39:02.271197-03:00 mail CRON[275527]: (root) END ([275528]  /usr/lib/php/sessionclean)
2026-07-26T13:09:01.285839-03:00 mail CRON[277632]: (root) CMD ([277633]  /usr/lib/php/sessionclean)
2026-07-26T13:09:01.848840-03:00 mail CRON[277632]: (root) END ([277633]  /usr/lib/php/sessionclean)
2026-07-26T13:39:01.862731-03:00 mail CRON[279780]: (root) CMD ([279781]  /usr/lib/php/sessionclean)
2026-07-26T13:39:02.402978-03:00 mail CRON[279780]: (root) END ([279781]  /usr/lib/php/sessionclean)
2026-07-26T14:09:01.415081-03:00 mail CRON[281934]: (root) CMD ([281935]  /usr/lib/php/sessionclean)
2026-07-26T14:09:01.950285-03:00 mail CRON[281934]: (root) END ([281935]  /usr/lib/php/sessionclean)
2026-07-26T14:39:01.962715-03:00 mail CRON[284080]: (root) CMD ([284081]  /usr/lib/php/sessionclean)
2026-07-26T14:39:02.498599-03:00 mail CRON[284080]: (root) END ([284081]  /usr/lib/php/sessionclean)
2026-07-26T15:09:01.513626-03:00 mail CRON[286187]: (root) CMD ([286188]  /usr/lib/php/sessionclean)
2026-07-26T15:09:02.065552-03:00 mail CRON[286187]: (root) END ([286188]  /usr/lib/php/sessionclean)
2026-07-26T15:39:01.076474-03:00 mail CRON[288332]: (root) CMD ([288333]  /usr/lib/php/sessionclean)
2026-07-26T15:39:01.636903-03:00 mail CRON[288332]: (root) END ([288333]  /usr/lib/php/sessionclean)
2026-07-26T16:09:01.650645-03:00 mail CRON[290472]: (root) CMD ([290473]  /usr/lib/php/sessionclean)
2026-07-26T16:09:02.188032-03:00 mail CRON[290472]: (root) END ([290473]  /usr/lib/php/sessionclean)
2026-07-26T16:39:01.202847-03:00 mail CRON[292571]: (root) CMD ([292572]  /usr/lib/php/sessionclean)
2026-07-26T16:39:01.742400-03:00 mail CRON[292571]: (root) END ([292572]  /usr/lib/php/sessionclean)
2026-07-26T17:09:01.754862-03:00 mail CRON[294713]: (root) CMD ([294714]  /usr/lib/php/sessionclean)
2026-07-26T17:09:02.332044-03:00 mail CRON[294713]: (root) END ([294714]  /usr/lib/php/sessionclean)
2026-07-26T17:39:01.343851-03:00 mail CRON[296859]: (root) CMD ([296860]  /usr/lib/php/sessionclean)
2026-07-26T17:39:01.895535-03:00 mail CRON[296859]: (root) END ([296860]  /usr/lib/php/sessionclean)
2026-07-26T18:09:01.906910-03:00 mail CRON[299004]: (root) CMD ([299005]  /usr/lib/php/sessionclean)
2026-07-26T18:09:02.454586-03:00 mail CRON[299004]: (root) END ([299005]  /usr/lib/php/sessionclean)
2026-07-26T18:39:01.467933-03:00 mail CRON[301107]: (root) CMD ([301108]  /usr/lib/php/sessionclean)
2026-07-26T18:39:02.021407-03:00 mail CRON[301107]: (root) END ([301108]  /usr/lib/php/sessionclean)
2026-07-26T19:09:01.031815-03:00 mail CRON[303248]: (root) CMD ([303249]  /usr/lib/php/sessionclean)
2026-07-26T19:09:01.580250-03:00 mail CRON[303248]: (root) END ([303249]  /usr/lib/php/sessionclean)
2026-07-26T19:39:01.592225-03:00 mail CRON[305389]: (root) CMD ([305390]  /usr/lib/php/sessionclean)
2026-07-26T19:39:02.119410-03:00 mail CRON[305389]: (root) END ([305390]  /usr/lib/php/sessionclean)
2026-07-26T20:09:01.131151-03:00 mail CRON[307494]: (root) CMD ([307495]  /usr/lib/php/sessionclean)
2026-07-26T20:09:01.653811-03:00 mail CRON[307494]: (root) END ([307495]  /usr/lib/php/sessionclean)
2026-07-26T20:39:01.664763-03:00 mail CRON[309630]: (root) CMD ([309631]  /usr/lib/php/sessionclean)
2026-07-26T20:39:02.211395-03:00 mail CRON[309630]: (root) END ([309631]  /usr/lib/php/sessionclean)
2026-07-26T21:09:01.223686-03:00 mail CRON[311773]: (root) CMD ([311774]  /usr/lib/php/sessionclean)
2026-07-26T21:09:01.797886-03:00 mail CRON[311773]: (root) END ([311774]  /usr/lib/php/sessionclean)
2026-07-26T21:39:01.811411-03:00 mail CRON[313927]: (root) CMD ([313928]  /usr/lib/php/sessionclean)
2026-07-26T21:39:02.367243-03:00 mail CRON[313927]: (root) END ([313928]  /usr/lib/php/sessionclean)
2026-07-26T22:09:01.380399-03:00 mail CRON[316032]: (root) CMD ([316033]  /usr/lib/php/sessionclean)
2026-07-26T22:09:01.923765-03:00 mail CRON[316032]: (root) END ([316033]  /usr/lib/php/sessionclean)
2026-07-26T22:39:01.937076-03:00 mail CRON[318186]: (root) CMD ([318187]  /usr/lib/php/sessionclean)
2026-07-26T22:39:02.496014-03:00 mail CRON[318186]: (root) END ([318187]  /usr/lib/php/sessionclean)
2026-07-26T23:09:01.510626-03:00 mail CRON[320326]: (root) CMD ([320327]  /usr/lib/php/sessionclean)
2026-07-26T23:09:02.065268-03:00 mail CRON[320326]: (root) END ([320327]  /usr/lib/php/sessionclean)
2026-07-26T23:39:01.079360-03:00 mail CRON[322476]: (root) CMD ([322477]  /usr/lib/php/sessionclean)
2026-07-26T23:39:01.642838-03:00 mail CRON[322476]: (root) END ([322477]  /usr/lib/php/sessionclean)
2026-07-27T00:01:01.654905-03:00 mail CRON[324022]: (root) CMD ([324023] /usr/sbin/logrotate /etc/logrotate.conf --state=/data/var/logrotate.status)
2026-07-27T00:01:01.690541-03:00 mail CRON[324022]: (root) END ([324023] /usr/sbin/logrotate /etc/logrotate.conf --state=/data/var/logrotate.status)
2026-07-27T00:09:01.698696-03:00 mail CRON[324595]: (root) CMD ([324596]  /usr/lib/php/sessionclean)
2026-07-27T00:09:02.250075-03:00 mail CRON[324595]: (root) END ([324596]  /usr/lib/php/sessionclean)
2026-07-27T00:39:01.262378-03:00 mail CRON[326745]: (root) CMD ([326746]  /usr/lib/php/sessionclean)
2026-07-27T00:39:01.827463-03:00 mail CRON[326745]: (root) END ([326746]  /usr/lib/php/sessionclean)
2026-07-27T01:09:01.839798-03:00 mail CRON[328893]: (root) CMD ([328894]  /usr/lib/php/sessionclean)
2026-07-27T01:09:02.372844-03:00 mail CRON[328893]: (root) END ([328894]  /usr/lib/php/sessionclean)
2026-07-27T01:39:01.384590-03:00 mail CRON[331044]: (root) CMD ([331045]  /usr/lib/php/sessionclean)
2026-07-27T01:39:01.932827-03:00 mail CRON[331044]: (root) END ([331045]  /usr/lib/php/sessionclean)
2026-07-27T02:09:01.944913-03:00 mail CRON[333208]: (root) CMD ([333209]  /usr/lib/php/sessionclean)
2026-07-27T02:09:02.514803-03:00 mail CRON[333208]: (root) END ([333209]  /usr/lib/php/sessionclean)
2026-07-27T02:39:01.526113-03:00 mail CRON[335360]: (root) CMD ([335361]  /usr/lib/php/sessionclean)
2026-07-27T02:39:02.058207-03:00 mail CRON[335360]: (root) END ([335361]  /usr/lib/php/sessionclean)
2026-07-27T03:09:01.071581-03:00 mail CRON[337526]: (root) CMD ([337527]  /usr/lib/php/sessionclean)
2026-07-27T03:09:01.639599-03:00 mail CRON[337526]: (root) END ([337527]  /usr/lib/php/sessionclean)
2026-07-27T03:10:01.643249-03:00 mail CRON[337640]: (root) CMD ([337641] /usr/bin/latest-version)
2026-07-27T03:10:01.643347-03:00 mail CRON[337639]: (root) CMD ([337642] test -e /run/systemd/system || SERVICE_MODE=1 /sbin/e2scrub_all -A -r)
2026-07-27T03:10:01.648654-03:00 mail CRON[337639]: (root) END ([337642] test -e /run/systemd/system || SERVICE_MODE=1 /sbin/e2scrub_all -A -r)
2026-07-27T03:39:01.660415-03:00 mail CRON[339648]: (root) CMD ([339649]  /usr/lib/php/sessionclean)
2026-07-27T03:39:02.217347-03:00 mail CRON[339648]: (root) END ([339649]  /usr/lib/php/sessionclean)
2026-07-27T04:09:01.229703-03:00 mail CRON[341804]: (root) CMD ([341805]  /usr/lib/php/sessionclean)
2026-07-27T04:09:01.785569-03:00 mail CRON[341804]: (root) END ([341805]  /usr/lib/php/sessionclean)
2026-07-27T04:39:01.797946-03:00 mail CRON[343950]: (root) CMD ([343951]  /usr/lib/php/sessionclean)
2026-07-27T04:39:02.336005-03:00 mail CRON[343950]: (root) END ([343951]  /usr/lib/php/sessionclean)
2026-07-27T05:09:01.352263-03:00 mail CRON[346056]: (root) CMD ([346057]  /usr/lib/php/sessionclean)
2026-07-27T05:09:01.736667-03:00 mail CRON[346056]: (root) END ([346057]  /usr/lib/php/sessionclean)
2026-07-27T05:30:01.749229-03:00 mail CRON[347569]: (root) CMD ([347570] /bin/clean-debug)
2026-07-27T05:30:02.493494-03:00 mail CRON[347569]: (root) END ([347570] /bin/clean-debug)
2026-07-27T05:39:01.500352-03:00 mail CRON[348587]: (root) CMD ([348588]  /usr/lib/php/sessionclean)
2026-07-27T05:39:01.868510-03:00 mail CRON[348587]: (root) END ([348588]  /usr/lib/php/sessionclean)
2026-07-27T06:09:01.882676-03:00 mail CRON[350731]: (root) CMD ([350732]  /usr/lib/php/sessionclean)
2026-07-27T06:09:02.433511-03:00 mail CRON[350731]: (root) END ([350732]  /usr/lib/php/sessionclean)
2026-07-27T06:10:01.438131-03:00 mail CRON[350843]: (mail) CMD ([350844] /opt/admin/bin/console check:dnsbl --env=prod > /dev/null)
2026-07-27T06:10:01.874567-03:00 mail CRON[350843]: (mail) END ([350844] /opt/admin/bin/console check:dnsbl --env=prod > /dev/null)
2026-07-27T06:11:01.878535-03:00 mail CRON[350924]: (mail) CMD ([350925] /opt/admin/bin/console check:free-space --env=prod > /dev/null)
2026-07-27T06:11:02.284708-03:00 mail CRON[350924]: (mail) END ([350925] /opt/admin/bin/console check:free-space --env=prod > /dev/null)
2026-07-27T06:12:01.291020-03:00 mail CRON[351008]: (mail) CMD ([351009] /opt/admin/bin/console check:user-quotas --env=prod > /dev/null)
2026-07-27T06:12:01.998627-03:00 mail CRON[351008]: (mail) END ([351009] /opt/admin/bin/console check:user-quotas --env=prod > /dev/null)
2026-07-27T06:25:01.008314-03:00 mail CRON[351933]: (root) CMD ([351934] /bin/clean-auth-logs)
2026-07-27T06:25:01.009769-03:00 mail CRON[351932]: (root) CMD ([351935] /usr/sbin/poste le:renew)
2026-07-27T06:25:01.292173-03:00 mail CRON[351933]: (root) END ([351934] /bin/clean-auth-logs)
2026-07-27T06:25:01.418884-03:00 mail CRON[351932]: (root) END ([351935] /usr/sbin/poste le:renew)
2026-07-27T06:26:01.423638-03:00 mail CRON[352019]: (root) CMD ([352020] /bin/clean-delivery-logs)
2026-07-27T06:26:01.745170-03:00 mail CRON[352019]: (root) END ([352020] /bin/clean-delivery-logs)
2026-07-27T06:27:01.750342-03:00 mail CRON[352109]: (root) CMD ([352110] /bin/clean-dmarcs)
2026-07-27T06:27:02.055490-03:00 mail CRON[352109]: (root) END ([352110] /bin/clean-dmarcs)
2026-07-27T06:28:01.061803-03:00 mail CRON[352187]: (root) CMD ([352188] /bin/clean-inbox-junk)
2026-07-27T06:28:01.453011-03:00 mail CRON[352187]: (root) END ([352188] /bin/clean-inbox-junk)
2026-07-27T06:29:01.458087-03:00 mail CRON[352267]: (root) CMD ([352268] /bin/clean-inbox-trash)
2026-07-27T06:29:02.195000-03:00 mail CRON[352267]: (root) END ([352268] /bin/clean-inbox-trash)
2026-07-27T06:30:01.199586-03:00 mail CRON[352346]: (root) CMD ([352347] /bin/clean-quarantine)
2026-07-27T06:30:01.525484-03:00 mail CRON[352346]: (root) END ([352347] /bin/clean-quarantine)
2026-07-27T06:31:01.530509-03:00 mail CRON[352427]: (root) CMD ([352428] /bin/legacy-clean-delivery-logs)
2026-07-27T06:31:01.535268-03:00 mail CRON[352427]: (root) END ([352428] /bin/legacy-clean-delivery-logs)
2026-07-27T06:32:01.539676-03:00 mail CRON[352500]: (root) CMD ([352501] /bin/legacy-clean-smtp-logs)
2026-07-27T06:32:01.547503-03:00 mail CRON[352500]: (root) END ([352501] /bin/legacy-clean-smtp-logs)
2026-07-27T06:39:01.555546-03:00 mail CRON[352995]: (root) CMD ([352996]  /usr/lib/php/sessionclean)
2026-07-27T06:39:02.092906-03:00 mail CRON[352995]: (root) END ([352996]  /usr/lib/php/sessionclean)
2026-07-27T07:06:45.023676-03:00 mail CRON[337640]: (root) END ([337641] /usr/bin/latest-version)
2026-07-27T07:09:01.031639-03:00 mail CRON[355103]: (root) CMD ([355104]  /usr/lib/php/sessionclean)
2026-07-27T07:09:01.607351-03:00 mail CRON[355103]: (root) END ([355104]  /usr/lib/php/sessionclean)
2026-07-27T07:39:01.621179-03:00 mail CRON[357252]: (root) CMD ([357253]  /usr/lib/php/sessionclean)
2026-07-27T07:39:02.191230-03:00 mail CRON[357252]: (root) END ([357253]  /usr/lib/php/sessionclean)
2026-07-27T08:09:01.204378-03:00 mail CRON[359398]: (root) CMD ([359399]  /usr/lib/php/sessionclean)
2026-07-27T08:09:01.762341-03:00 mail CRON[359398]: (root) END ([359399]  /usr/lib/php/sessionclean)
2026-07-27T08:39:01.777828-03:00 mail CRON[361541]: (root) CMD ([361542]  /usr/lib/php/sessionclean)
2026-07-27T08:39:02.348319-03:00 mail CRON[361541]: (root) END ([361542]  /usr/lib/php/sessionclean)
2026-07-27T09:09:01.362852-03:00 mail CRON[363648]: (root) CMD ([363649]  /usr/lib/php/sessionclean)
2026-07-27T09:09:01.917671-03:00 mail CRON[363648]: (root) END ([363649]  /usr/lib/php/sessionclean)
2026-07-27T09:39:01.932495-03:00 mail CRON[365793]: (root) CMD ([365794]  /usr/lib/php/sessionclean)
2026-07-27T09:39:02.487988-03:00 mail CRON[365793]: (root) END ([365794]  /usr/lib/php/sessionclean)
2026-07-27T10:09:01.503821-03:00 mail CRON[367933]: (root) CMD ([367934]  /usr/lib/php/sessionclean)
2026-07-27T10:09:02.053930-03:00 mail CRON[367933]: (root) END ([367934]  /usr/lib/php/sessionclean)
2026-07-27T10:39:01.067324-03:00 mail CRON[370060]: (root) CMD ([370061]  /usr/lib/php/sessionclean)
2026-07-27T10:39:01.639333-03:00 mail CRON[370060]: (root) END ([370061]  /usr/lib/php/sessionclean)
2026-07-27T11:09:01.653216-03:00 mail CRON[372195]: (root) CMD ([372196]  /usr/lib/php/sessionclean)
2026-07-27T11:09:02.242100-03:00 mail CRON[372195]: (root) END ([372196]  /usr/lib/php/sessionclean)
2026-07-27T11:39:01.255866-03:00 mail CRON[374340]: (root) CMD ([374341]  /usr/lib/php/sessionclean)
2026-07-27T11:39:01.830797-03:00 mail CRON[374340]: (root) END ([374341]  /usr/lib/php/sessionclean)
2026-07-27T12:09:01.844532-03:00 mail CRON[376446]: (root) CMD ([376447]  /usr/lib/php/sessionclean)
2026-07-27T12:09:02.391069-03:00 mail CRON[376446]: (root) END ([376447]  /usr/lib/php/sessionclean)
2026-07-27T12:39:01.404143-03:00 mail CRON[378590]: (root) CMD ([378591]  /usr/lib/php/sessionclean)
2026-07-27T12:39:01.966028-03:00 mail CRON[378590]: (root) END ([378591]  /usr/lib/php/sessionclean)
2026-07-27T13:09:01.979061-03:00 mail CRON[380735]: (root) CMD ([380736]  /usr/lib/php/sessionclean)
2026-07-27T13:09:02.544174-03:00 mail CRON[380735]: (root) END ([380736]  /usr/lib/php/sessionclean)
2026-07-27T13:39:01.559032-03:00 mail CRON[382881]: (root) CMD ([382882]  /usr/lib/php/sessionclean)
2026-07-27T13:39:01.944725-03:00 mail CRON[382881]: (root) END ([382882]  /usr/lib/php/sessionclean)
2026-07-27T14:09:01.959423-03:00 mail CRON[384993]: (root) CMD ([384994]  /usr/lib/php/sessionclean)
2026-07-27T14:09:02.509463-03:00 mail CRON[384993]: (root) END ([384994]  /usr/lib/php/sessionclean)
2026-07-27T14:39:01.524876-03:00 mail CRON[387132]: (root) CMD ([387133]  /usr/lib/php/sessionclean)
2026-07-27T14:39:01.919838-03:00 mail CRON[387132]: (root) END ([387133]  /usr/lib/php/sessionclean)
2026-07-27T15:09:01.935677-03:00 mail CRON[389270]: (root) CMD ([389271]  /usr/lib/php/sessionclean)
2026-07-27T15:09:02.501537-03:00 mail CRON[389270]: (root) END ([389271]  /usr/lib/php/sessionclean)
2026-07-27T15:39:01.514448-03:00 mail CRON[391412]: (root) CMD ([391413]  /usr/lib/php/sessionclean)
2026-07-27T15:39:02.043715-03:00 mail CRON[391412]: (root) END ([391413]  /usr/lib/php/sessionclean)
2026-07-27T16:09:01.055996-03:00 mail CRON[393516]: (root) CMD ([393517]  /usr/lib/php/sessionclean)
2026-07-27T16:09:01.586881-03:00 mail CRON[393516]: (root) END ([393517]  /usr/lib/php/sessionclean)
2026-07-27T16:39:01.599683-03:00 mail CRON[395658]: (root) CMD ([395659]  /usr/lib/php/sessionclean)
2026-07-27T16:39:02.166836-03:00 mail CRON[395658]: (root) END ([395659]  /usr/lib/php/sessionclean)
2026-07-27T17:09:01.178777-03:00 mail CRON[397801]: (root) CMD ([397802]  /usr/lib/php/sessionclean)
2026-07-27T17:09:01.742667-03:00 mail CRON[397801]: (root) END ([397802]  /usr/lib/php/sessionclean)
2026-07-27T17:39:01.757274-03:00 mail CRON[399904]: (root) CMD ([399905]  /usr/lib/php/sessionclean)
2026-07-27T17:39:02.321210-03:00 mail CRON[399904]: (root) END ([399905]  /usr/lib/php/sessionclean)
2026-07-27T18:09:01.333793-03:00 mail CRON[402045]: (root) CMD ([402046]  /usr/lib/php/sessionclean)
2026-07-27T18:09:01.883626-03:00 mail CRON[402045]: (root) END ([402046]  /usr/lib/php/sessionclean)
2026-07-27T18:39:01.896274-03:00 mail CRON[404189]: (root) CMD ([404190]  /usr/lib/php/sessionclean)
2026-07-27T18:39:02.440673-03:00 mail CRON[404189]: (root) END ([404190]  /usr/lib/php/sessionclean)
2026-07-27T19:09:01.454507-03:00 mail CRON[406297]: (root) CMD ([406298]  /usr/lib/php/sessionclean)
2026-07-27T19:09:02.006843-03:00 mail CRON[406297]: (root) END ([406298]  /usr/lib/php/sessionclean)
2026-07-27T19:39:01.019859-03:00 mail CRON[408435]: (root) CMD ([408436]  /usr/lib/php/sessionclean)
2026-07-27T19:39:01.558808-03:00 mail CRON[408435]: (root) END ([408436]  /usr/lib/php/sessionclean)
2026-07-27T20:09:01.572126-03:00 mail CRON[410580]: (root) CMD ([410581]  /usr/lib/php/sessionclean)
2026-07-27T20:09:02.134550-03:00 mail CRON[410580]: (root) END ([410581]  /usr/lib/php/sessionclean)
2026-07-27T20:39:01.146342-03:00 mail CRON[412725]: (root) CMD ([412726]  /usr/lib/php/sessionclean)
2026-07-27T20:39:01.710328-03:00 mail CRON[412725]: (root) END ([412726]  /usr/lib/php/sessionclean)
2026-07-27T21:09:01.724107-03:00 mail CRON[414847]: (root) CMD ([414848]  /usr/lib/php/sessionclean)
2026-07-27T21:09:02.275376-03:00 mail CRON[414847]: (root) END ([414848]  /usr/lib/php/sessionclean)
2026-07-27T21:39:01.288548-03:00 mail CRON[416991]: (root) CMD ([416992]  /usr/lib/php/sessionclean)
2026-07-27T21:39:01.862183-03:00 mail CRON[416991]: (root) END ([416992]  /usr/lib/php/sessionclean)
2026-07-27T22:09:01.876226-03:00 mail CRON[419155]: (root) CMD ([419156]  /usr/lib/php/sessionclean)
2026-07-27T22:09:02.418485-03:00 mail CRON[419155]: (root) END ([419156]  /usr/lib/php/sessionclean)
2026-07-27T22:39:01.435338-03:00 mail CRON[421261]: (root) CMD ([421262]  /usr/lib/php/sessionclean)
2026-07-27T22:39:01.991594-03:00 mail CRON[421261]: (root) END ([421262]  /usr/lib/php/sessionclean)
2026-07-27T23:09:01.005722-03:00 mail CRON[423422]: (root) CMD ([423423]  /usr/lib/php/sessionclean)
2026-07-27T23:09:01.557947-03:00 mail CRON[423422]: (root) END ([423423]  /usr/lib/php/sessionclean)
2026-07-27T23:39:01.574041-03:00 mail CRON[425581]: (root) CMD ([425582]  /usr/lib/php/sessionclean)
2026-07-27T23:39:02.118858-03:00 mail CRON[425581]: (root) END ([425582]  /usr/lib/php/sessionclean)
2026-07-28T00:01:01.133115-03:00 mail CRON[427158]: (root) CMD ([427159] /usr/sbin/logrotate /etc/logrotate.conf --state=/data/var/logrotate.status)
2026-07-28T00:01:01.170741-03:00 mail CRON[427158]: (root) END ([427159] /usr/sbin/logrotate /etc/logrotate.conf --state=/data/var/logrotate.status)
2026-07-28T00:09:01.178667-03:00 mail CRON[427732]: (root) CMD ([427733]  /usr/lib/php/sessionclean)
2026-07-28T00:09:01.734494-03:00 mail CRON[427732]: (root) END ([427733]  /usr/lib/php/sessionclean)
2026-07-28T00:39:01.748350-03:00 mail CRON[429841]: (root) CMD ([429842]  /usr/lib/php/sessionclean)
2026-07-28T00:39:02.289264-03:00 mail CRON[429841]: (root) END ([429842]  /usr/lib/php/sessionclean)
2026-07-28T01:09:01.301882-03:00 mail CRON[431985]: (root) CMD ([431986]  /usr/lib/php/sessionclean)
2026-07-28T01:09:01.877352-03:00 mail CRON[431985]: (root) END ([431986]  /usr/lib/php/sessionclean)
2026-07-28T01:39:01.889302-03:00 mail CRON[434121]: (root) CMD ([434122]  /usr/lib/php/sessionclean)
2026-07-28T01:39:02.423866-03:00 mail CRON[434121]: (root) END ([434122]  /usr/lib/php/sessionclean)
2026-07-28T02:09:01.435102-03:00 mail CRON[436252]: (root) CMD ([436253]  /usr/lib/php/sessionclean)
2026-07-28T02:09:01.994578-03:00 mail CRON[436252]: (root) END ([436253]  /usr/lib/php/sessionclean)
2026-07-28T02:39:01.008373-03:00 mail CRON[438403]: (root) CMD ([438404]  /usr/lib/php/sessionclean)
2026-07-28T02:39:01.560459-03:00 mail CRON[438403]: (root) END ([438404]  /usr/lib/php/sessionclean)
2026-07-28T03:09:01.573985-03:00 mail CRON[440550]: (root) CMD ([440551]  /usr/lib/php/sessionclean)
2026-07-28T03:09:02.182449-03:00 mail CRON[440550]: (root) END ([440551]  /usr/lib/php/sessionclean)
2026-07-28T03:10:01.186237-03:00 mail CRON[440663]: (root) CMD ([440665] test -e /run/systemd/system || SERVICE_MODE=1 /sbin/e2scrub_all -A -r)
2026-07-28T03:10:01.186280-03:00 mail CRON[440664]: (root) CMD ([440666] /usr/bin/latest-version)
2026-07-28T03:10:01.190788-03:00 mail CRON[440663]: (root) END ([440665] test -e /run/systemd/system || SERVICE_MODE=1 /sbin/e2scrub_all -A -r)
2026-07-28T03:39:01.203601-03:00 mail CRON[442712]: (root) CMD ([442713]  /usr/lib/php/sessionclean)
2026-07-28T03:39:01.768366-03:00 mail CRON[442712]: (root) END ([442713]  /usr/lib/php/sessionclean)
2026-07-28T04:09:01.781502-03:00 mail CRON[444833]: (root) CMD ([444834]  /usr/lib/php/sessionclean)
2026-07-28T04:09:02.350711-03:00 mail CRON[444833]: (root) END ([444834]  /usr/lib/php/sessionclean)
2026-07-28T04:32:42.703757-03:00 mail CRON[440664]: (root) END ([440666] /usr/bin/latest-version)
2026-07-28T04:39:01.713644-03:00 mail CRON[446977]: (root) CMD ([446978]  /usr/lib/php/sessionclean)
2026-07-28T04:39:02.264664-03:00 mail CRON[446977]: (root) END ([446978]  /usr/lib/php/sessionclean)
2026-07-28T05:09:01.278040-03:00 mail CRON[449151]: (root) CMD ([449152]  /usr/lib/php/sessionclean)
2026-07-28T05:09:01.836131-03:00 mail CRON[449151]: (root) END ([449152]  /usr/lib/php/sessionclean)
2026-07-28T05:30:01.848044-03:00 mail CRON[450663]: (root) CMD ([450664] /bin/clean-debug)
2026-07-28T05:30:02.389122-03:00 mail CRON[450663]: (root) END ([450664] /bin/clean-debug)
2026-07-28T05:39:01.399291-03:00 mail CRON[451406]: (root) CMD ([451407]  /usr/lib/php/sessionclean)
2026-07-28T05:39:01.957085-03:00 mail CRON[451406]: (root) END ([451407]  /usr/lib/php/sessionclean)
2026-07-28T06:09:01.971566-03:00 mail CRON[453583]: (root) CMD ([453584]  /usr/lib/php/sessionclean)
2026-07-28T06:09:02.532802-03:00 mail CRON[453583]: (root) END ([453584]  /usr/lib/php/sessionclean)
2026-07-28T06:10:01.537769-03:00 mail CRON[453696]: (mail) CMD ([453697] /opt/admin/bin/console check:dnsbl --env=prod > /dev/null)
2026-07-28T06:10:01.963804-03:00 mail CRON[453696]: (mail) END ([453697] /opt/admin/bin/console check:dnsbl --env=prod > /dev/null)
2026-07-28T06:11:01.968514-03:00 mail CRON[453777]: (mail) CMD ([453778] /opt/admin/bin/console check:free-space --env=prod > /dev/null)
2026-07-28T06:11:02.380554-03:00 mail CRON[453777]: (mail) END ([453778] /opt/admin/bin/console check:free-space --env=prod > /dev/null)
2026-07-28T06:12:01.384694-03:00 mail CRON[453861]: (mail) CMD ([453862] /opt/admin/bin/console check:user-quotas --env=prod > /dev/null)
2026-07-28T06:12:02.097094-03:00 mail CRON[453861]: (mail) END ([453862] /opt/admin/bin/console check:user-quotas --env=prod > /dev/null)
2026-07-28T06:25:01.105777-03:00 mail CRON[454798]: (root) CMD ([454800] /usr/sbin/poste le:renew)
2026-07-28T06:25:01.106012-03:00 mail CRON[454799]: (root) CMD ([454801] /bin/clean-auth-logs)
2026-07-28T06:25:01.398101-03:00 mail CRON[454799]: (root) END ([454801] /bin/clean-auth-logs)
2026-07-28T06:25:01.538584-03:00 mail CRON[454798]: (root) END ([454800] /usr/sbin/poste le:renew)
2026-07-28T06:26:01.544060-03:00 mail CRON[454885]: (root) CMD ([454886] /bin/clean-delivery-logs)
2026-07-28T06:26:01.888742-03:00 mail CRON[454885]: (root) END ([454886] /bin/clean-delivery-logs)
2026-07-28T06:27:01.893284-03:00 mail CRON[454967]: (root) CMD ([454968] /bin/clean-dmarcs)
2026-07-28T06:27:02.183881-03:00 mail CRON[454967]: (root) END ([454968] /bin/clean-dmarcs)
2026-07-28T06:28:01.188368-03:00 mail CRON[455045]: (root) CMD ([455046] /bin/clean-inbox-junk)
2026-07-28T06:28:01.589255-03:00 mail CRON[455045]: (root) END ([455046] /bin/clean-inbox-junk)
2026-07-28T06:29:01.594926-03:00 mail CRON[455125]: (root) CMD ([455126] /bin/clean-inbox-trash)
2026-07-28T06:29:01.987631-03:00 mail CRON[455125]: (root) END ([455126] /bin/clean-inbox-trash)
2026-07-28T06:30:01.993880-03:00 mail CRON[455204]: (root) CMD ([455205] /bin/clean-quarantine)
2026-07-28T06:30:02.120753-03:00 mail CRON[455204]: (root) END ([455205] /bin/clean-quarantine)
2026-07-28T06:31:01.125649-03:00 mail CRON[455285]: (root) CMD ([455286] /bin/legacy-clean-delivery-logs)
2026-07-28T06:31:01.129922-03:00 mail CRON[455285]: (root) END ([455286] /bin/legacy-clean-delivery-logs)
2026-07-28T06:32:01.134832-03:00 mail CRON[455358]: (root) CMD ([455359] /bin/legacy-clean-smtp-logs)
2026-07-28T06:32:01.144363-03:00 mail CRON[455358]: (root) END ([455359] /bin/legacy-clean-smtp-logs)
2026-07-28T06:39:01.151391-03:00 mail CRON[455856]: (root) CMD ([455857]  /usr/lib/php/sessionclean)
2026-07-28T06:39:01.542825-03:00 mail CRON[455856]: (root) END ([455857]  /usr/lib/php/sessionclean)
2026-07-28T07:09:01.555302-03:00 mail CRON[458015]: (root) CMD ([458016]  /usr/lib/php/sessionclean)
2026-07-28T07:09:02.118213-03:00 mail CRON[458015]: (root) END ([458016]  /usr/lib/php/sessionclean)
2026-07-28T07:39:01.134979-03:00 mail CRON[460120]: (root) CMD ([460121]  /usr/lib/php/sessionclean)
2026-07-28T07:39:01.711981-03:00 mail CRON[460120]: (root) END ([460121]  /usr/lib/php/sessionclean)
2026-07-28T08:09:01.726555-03:00 mail CRON[462256]: (root) CMD ([462257]  /usr/lib/php/sessionclean)
2026-07-28T08:09:02.299494-03:00 mail CRON[462256]: (root) END ([462257]  /usr/lib/php/sessionclean)
2026-07-28T08:39:01.315987-03:00 mail CRON[464391]: (root) CMD ([464392]  /usr/lib/php/sessionclean)
2026-07-28T08:39:01.911257-03:00 mail CRON[464391]: (root) END ([464392]  /usr/lib/php/sessionclean)
2026-07-28T09:09:01.928090-03:00 mail CRON[466506]: (root) CMD ([466507]  /usr/lib/php/sessionclean)
2026-07-28T09:09:02.475010-03:00 mail CRON[466506]: (root) END ([466507]  /usr/lib/php/sessionclean)
2026-07-28T09:39:01.489119-03:00 mail CRON[468648]: (root) CMD ([468649]  /usr/lib/php/sessionclean)
2026-07-28T09:39:02.041839-03:00 mail CRON[468648]: (root) END ([468649]  /usr/lib/php/sessionclean)
2026-07-28T10:09:01.056949-03:00 mail CRON[470795]: (root) CMD ([470796]  /usr/lib/php/sessionclean)
2026-07-28T10:09:01.629272-03:00 mail CRON[470795]: (root) END ([470796]  /usr/lib/php/sessionclean)
2026-07-28T10:39:01.642593-03:00 mail CRON[472942]: (root) CMD ([472943]  /usr/lib/php/sessionclean)
2026-07-28T10:39:02.179734-03:00 mail CRON[472942]: (root) END ([472943]  /usr/lib/php/sessionclean)
2026-07-28T11:09:01.193930-03:00 mail CRON[475044]: (root) CMD ([475045]  /usr/lib/php/sessionclean)
2026-07-28T11:09:01.758311-03:00 mail CRON[475044]: (root) END ([475045]  /usr/lib/php/sessionclean)
2026-07-28T11:39:01.772118-03:00 mail CRON[477188]: (root) CMD ([477189]  /usr/lib/php/sessionclean)
2026-07-28T11:39:02.346409-03:00 mail CRON[477188]: (root) END ([477189]  /usr/lib/php/sessionclean)
2026-07-28T12:09:01.361782-03:00 mail CRON[479324]: (root) CMD ([479325]  /usr/lib/php/sessionclean)
2026-07-28T12:09:01.914661-03:00 mail CRON[479324]: (root) END ([479325]  /usr/lib/php/sessionclean)
2026-07-28T12:39:01.927838-03:00 mail CRON[481431]: (root) CMD ([481432]  /usr/lib/php/sessionclean)
2026-07-28T12:39:02.508474-03:00 mail CRON[481431]: (root) END ([481432]  /usr/lib/php/sessionclean)
2026-07-28T13:09:01.522537-03:00 mail CRON[483575]: (root) CMD ([483576]  /usr/lib/php/sessionclean)
2026-07-28T13:09:02.049024-03:00 mail CRON[483575]: (root) END ([483576]  /usr/lib/php/sessionclean)
2026-07-28T13:39:01.061797-03:00 mail CRON[485715]: (root) CMD ([485716]  /usr/lib/php/sessionclean)
2026-07-28T13:39:01.597681-03:00 mail CRON[485715]: (root) END ([485716]  /usr/lib/php/sessionclean)
2026-07-28T14:09:01.610481-03:00 mail CRON[487858]: (root) CMD ([487859]  /usr/lib/php/sessionclean)
2026-07-28T14:09:02.151372-03:00 mail CRON[487858]: (root) END ([487859]  /usr/lib/php/sessionclean)
2026-07-28T14:39:01.163967-03:00 mail CRON[489964]: (root) CMD ([489965]  /usr/lib/php/sessionclean)
2026-07-28T14:39:01.761737-03:00 mail CRON[489964]: (root) END ([489965]  /usr/lib/php/sessionclean)
2026-07-28T15:09:01.773620-03:00 mail CRON[492105]: (root) CMD ([492106]  /usr/lib/php/sessionclean)
2026-07-28T15:09:02.362854-03:00 mail CRON[492105]: (root) END ([492106]  /usr/lib/php/sessionclean)
2026-07-28T15:39:01.375710-03:00 mail CRON[494250]: (root) CMD ([494251]  /usr/lib/php/sessionclean)
2026-07-28T15:39:01.936305-03:00 mail CRON[494250]: (root) END ([494251]  /usr/lib/php/sessionclean)
2026-07-28T16:09:01.949935-03:00 mail CRON[496376]: (root) CMD ([496377]  /usr/lib/php/sessionclean)
2026-07-28T16:09:02.499806-03:00 mail CRON[496376]: (root) END ([496377]  /usr/lib/php/sessionclean)
2026-07-28T16:39:01.512128-03:00 mail CRON[498529]: (root) CMD ([498530]  /usr/lib/php/sessionclean)
2026-07-28T16:39:02.050518-03:00 mail CRON[498529]: (root) END ([498530]  /usr/lib/php/sessionclean)
2026-07-28T17:09:01.062362-03:00 mail CRON[500672]: (root) CMD ([500673]  /usr/lib/php/sessionclean)
2026-07-28T17:09:01.611929-03:00 mail CRON[500672]: (root) END ([500673]  /usr/lib/php/sessionclean)
2026-07-28T17:39:01.624053-03:00 mail CRON[502817]: (root) CMD ([502818]  /usr/lib/php/sessionclean)
2026-07-28T17:39:02.219303-03:00 mail CRON[502817]: (root) END ([502818]  /usr/lib/php/sessionclean)
2026-07-28T18:09:01.233846-03:00 mail CRON[504922]: (root) CMD ([504923]  /usr/lib/php/sessionclean)
2026-07-28T18:09:01.808228-03:00 mail CRON[504922]: (root) END ([504923]  /usr/lib/php/sessionclean)
2026-07-28T18:39:01.821293-03:00 mail CRON[507069]: (root) CMD ([507070]  /usr/lib/php/sessionclean)
2026-07-28T18:39:02.379551-03:00 mail CRON[507069]: (root) END ([507070]  /usr/lib/php/sessionclean)
2026-07-28T19:09:01.392846-03:00 mail CRON[509207]: (root) CMD ([509208]  /usr/lib/php/sessionclean)
2026-07-28T19:09:01.753650-03:00 mail CRON[509207]: (root) END ([509208]  /usr/lib/php/sessionclean)
2026-07-28T19:39:01.765640-03:00 mail CRON[511349]: (root) CMD ([511350]  /usr/lib/php/sessionclean)
2026-07-28T19:39:02.335218-03:00 mail CRON[511349]: (root) END ([511350]  /usr/lib/php/sessionclean)
2026-07-28T20:09:01.350700-03:00 mail CRON[513464]: (root) CMD ([513465]  /usr/lib/php/sessionclean)
2026-07-28T20:09:01.926111-03:00 mail CRON[513464]: (root) END ([513465]  /usr/lib/php/sessionclean)
2026-07-28T20:39:01.941891-03:00 mail CRON[515609]: (root) CMD ([515610]  /usr/lib/php/sessionclean)
2026-07-28T20:39:02.489704-03:00 mail CRON[515609]: (root) END ([515610]  /usr/lib/php/sessionclean)
2026-07-28T21:09:01.502893-03:00 mail CRON[517758]: (root) CMD ([517759]  /usr/lib/php/sessionclean)
2026-07-28T21:09:02.056285-03:00 mail CRON[517758]: (root) END ([517759]  /usr/lib/php/sessionclean)
2026-07-28T21:39:01.070448-03:00 mail CRON[519875]: (root) CMD ([519876]  /usr/lib/php/sessionclean)
2026-07-28T21:39:01.624965-03:00 mail CRON[519875]: (root) END ([519876]  /usr/lib/php/sessionclean)
2026-07-28T22:09:01.637645-03:00 mail CRON[522025]: (root) CMD ([522026]  /usr/lib/php/sessionclean)
2026-07-28T22:09:02.186619-03:00 mail CRON[522025]: (root) END ([522026]  /usr/lib/php/sessionclean)
2026-07-28T22:39:01.199871-03:00 mail CRON[524168]: (root) CMD ([524169]  /usr/lib/php/sessionclean)
2026-07-28T22:39:01.785595-03:00 mail CRON[524168]: (root) END ([524169]  /usr/lib/php/sessionclean)
2026-07-28T22:57:39.987240-03:00 mail cron[815]: (CRON) INFO (pidfile fd = 3)
2026-07-28T22:57:39.995454-03:00 mail cron[815]: (CRON) INFO (Running @reboot jobs)
2026-07-28T23:02:14.918087-03:00 mail cron[793]: (CRON) INFO (pidfile fd = 3)
2026-07-28T23:02:14.919087-03:00 mail cron[793]: (CRON) INFO (Skipping @reboot jobs -- not system startup)
2026-07-28T23:09:01.926955-03:00 mail CRON[1424]: (root) CMD ([1425]  /usr/lib/php/sessionclean)
2026-07-28T23:09:02.293226-03:00 mail CRON[1424]: (root) END ([1425]  /usr/lib/php/sessionclean)
2026-07-28T23:39:01.308621-03:00 mail CRON[3567]: (root) CMD ([3568]  /usr/lib/php/sessionclean)
2026-07-28T23:39:01.852942-03:00 mail CRON[3567]: (root) END ([3568]  /usr/lib/php/sessionclean)
2026-07-29T00:01:01.864461-03:00 mail CRON[5118]: (root) CMD ([5119] /usr/sbin/logrotate /etc/logrotate.conf --state=/data/var/logrotate.status)
2026-07-29T00:01:01.900568-03:00 mail CRON[5118]: (root) END ([5119] /usr/sbin/logrotate /etc/logrotate.conf --state=/data/var/logrotate.status)
2026-07-29T00:09:01.908784-03:00 mail CRON[5690]: (root) CMD ([5691]  /usr/lib/php/sessionclean)
2026-07-29T00:09:02.487181-03:00 mail CRON[5690]: (root) END ([5691]  /usr/lib/php/sessionclean)
2026-07-29T00:39:01.502735-03:00 mail CRON[7830]: (root) CMD ([7831]  /usr/lib/php/sessionclean)
2026-07-29T00:39:01.877127-03:00 mail CRON[7830]: (root) END ([7831]  /usr/lib/php/sessionclean)
2026-07-29T01:09:01.893225-03:00 mail CRON[9973]: (root) CMD ([9974]  /usr/lib/php/sessionclean)
2026-07-29T01:09:02.457516-03:00 mail CRON[9973]: (root) END ([9974]  /usr/lib/php/sessionclean)
2026-07-29T01:39:01.470048-03:00 mail CRON[12082]: (root) CMD ([12083]  /usr/lib/php/sessionclean)
2026-07-29T01:39:01.847470-03:00 mail CRON[12082]: (root) END ([12083]  /usr/lib/php/sessionclean)
2026-07-29T02:09:01.862547-03:00 mail CRON[14228]: (root) CMD ([14229]  /usr/lib/php/sessionclean)
2026-07-29T02:09:02.221358-03:00 mail CRON[14228]: (root) END ([14229]  /usr/lib/php/sessionclean)
2026-07-29T02:39:01.237835-03:00 mail CRON[16372]: (root) CMD ([16373]  /usr/lib/php/sessionclean)
2026-07-29T02:39:01.815679-03:00 mail CRON[16372]: (root) END ([16373]  /usr/lib/php/sessionclean)
2026-07-29T03:09:01.832837-03:00 mail CRON[18531]: (root) CMD ([18532]  /usr/lib/php/sessionclean)
2026-07-29T03:09:02.413653-03:00 mail CRON[18531]: (root) END ([18532]  /usr/lib/php/sessionclean)
2026-07-29T03:10:01.424251-03:00 mail CRON[18643]: (root) CMD ([18646] test -e /run/systemd/system || SERVICE_MODE=1 /sbin/e2scrub_all -A -r)
2026-07-29T03:10:01.424317-03:00 mail CRON[18644]: (root) CMD ([18645] /usr/bin/latest-version)
2026-07-29T03:10:01.436756-03:00 mail CRON[18643]: (root) END ([18646] test -e /run/systemd/system || SERVICE_MODE=1 /sbin/e2scrub_all -A -r)
2026-07-29T03:39:01.453336-03:00 mail CRON[20650]: (root) CMD ([20651]  /usr/lib/php/sessionclean)
2026-07-29T03:39:02.026957-03:00 mail CRON[20650]: (root) END ([20651]  /usr/lib/php/sessionclean)
2026-07-29T04:09:01.043838-03:00 mail CRON[22787]: (root) CMD ([22788]  /usr/lib/php/sessionclean)
2026-07-29T04:09:01.593274-03:00 mail CRON[22787]: (root) END ([22788]  /usr/lib/php/sessionclean)
2026-07-29T04:39:01.608089-03:00 mail CRON[24939]: (root) CMD ([24940]  /usr/lib/php/sessionclean)
2026-07-29T04:39:02.167583-03:00 mail CRON[24939]: (root) END ([24940]  /usr/lib/php/sessionclean)
2026-07-29T05:09:01.181812-03:00 mail CRON[27051]: (root) CMD ([27052]  /usr/lib/php/sessionclean)
2026-07-29T05:09:01.730350-03:00 mail CRON[27051]: (root) END ([27052]  /usr/lib/php/sessionclean)
2026-07-29T05:30:01.743705-03:00 mail CRON[28563]: (root) CMD ([28564] /bin/clean-debug)
2026-07-29T05:30:02.237086-03:00 mail CRON[28563]: (root) END ([28564] /bin/clean-debug)
2026-07-29T05:39:01.244401-03:00 mail CRON[29276]: (root) CMD ([29277]  /usr/lib/php/sessionclean)
2026-07-29T05:39:01.604617-03:00 mail CRON[29276]: (root) END ([29277]  /usr/lib/php/sessionclean)
2026-07-29T06:09:01.617542-03:00 mail CRON[31420]: (root) CMD ([31421]  /usr/lib/php/sessionclean)
2026-07-29T06:09:02.176034-03:00 mail CRON[31420]: (root) END ([31421]  /usr/lib/php/sessionclean)
2026-07-29T06:10:01.182039-03:00 mail CRON[31533]: (mail) CMD ([31534] /opt/admin/bin/console check:dnsbl --env=prod > /dev/null)
2026-07-29T06:10:01.717195-03:00 mail CRON[31533]: (mail) END ([31534] /opt/admin/bin/console check:dnsbl --env=prod > /dev/null)
2026-07-29T06:11:01.721720-03:00 mail CRON[31614]: (mail) CMD ([31615] /opt/admin/bin/console check:free-space --env=prod > /dev/null)
2026-07-29T06:11:02.133926-03:00 mail CRON[31614]: (mail) END ([31615] /opt/admin/bin/console check:free-space --env=prod > /dev/null)
2026-07-29T06:12:01.138741-03:00 mail CRON[31698]: (mail) CMD ([31699] /opt/admin/bin/console check:user-quotas --env=prod > /dev/null)
2026-07-29T06:12:01.901321-03:00 mail CRON[31698]: (mail) END ([31699] /opt/admin/bin/console check:user-quotas --env=prod > /dev/null)
2026-07-29T06:25:01.910306-03:00 mail CRON[32626]: (root) CMD ([32628] /usr/sbin/poste le:renew)
2026-07-29T06:25:01.910313-03:00 mail CRON[32627]: (root) CMD ([32629] /bin/clean-auth-logs)
2026-07-29T06:25:02.190727-03:00 mail CRON[32627]: (root) END ([32629] /bin/clean-auth-logs)
2026-07-29T06:25:02.291068-03:00 mail CRON[32626]: (root) END ([32628] /usr/sbin/poste le:renew)
2026-07-29T06:26:01.294684-03:00 mail CRON[32715]: (root) CMD ([32716] /bin/clean-delivery-logs)
2026-07-29T06:26:01.606611-03:00 mail CRON[32715]: (root) END ([32716] /bin/clean-delivery-logs)
2026-07-29T06:27:01.610805-03:00 mail CRON[32793]: (root) CMD ([32794] /bin/clean-dmarcs)
2026-07-29T06:27:01.892275-03:00 mail CRON[32793]: (root) END ([32794] /bin/clean-dmarcs)
2026-07-29T06:28:01.896283-03:00 mail CRON[32873]: (root) CMD ([32874] /bin/clean-inbox-junk)
2026-07-29T06:28:02.270851-03:00 mail CRON[32873]: (root) END ([32874] /bin/clean-inbox-junk)
2026-07-29T06:29:01.274778-03:00 mail CRON[32954]: (root) CMD ([32955] /bin/clean-inbox-trash)
2026-07-29T06:29:01.828277-03:00 mail CRON[32954]: (root) END ([32955] /bin/clean-inbox-trash)
2026-07-29T06:30:01.832798-03:00 mail CRON[33032]: (root) CMD ([33033] /bin/clean-quarantine)
2026-07-29T06:30:02.124568-03:00 mail CRON[33032]: (root) END ([33033] /bin/clean-quarantine)
2026-07-29T06:31:01.128374-03:00 mail CRON[33114]: (root) CMD ([33115] /bin/legacy-clean-delivery-logs)
2026-07-29T06:31:01.133359-03:00 mail CRON[33114]: (root) END ([33115] /bin/legacy-clean-delivery-logs)
2026-07-29T06:32:01.137345-03:00 mail CRON[33187]: (root) CMD ([33188] /bin/legacy-clean-smtp-logs)
2026-07-29T06:32:01.146656-03:00 mail CRON[33187]: (root) END ([33188] /bin/legacy-clean-smtp-logs)
2026-07-29T06:39:01.153846-03:00 mail CRON[33646]: (root) CMD ([33647]  /usr/lib/php/sessionclean)
2026-07-29T06:39:01.533835-03:00 mail CRON[33646]: (root) END ([33647]  /usr/lib/php/sessionclean)
2026-07-29T07:07:43.823874-03:00 mail CRON[18644]: (root) END ([18645] /usr/bin/latest-version)
2026-07-29T07:09:01.829893-03:00 mail CRON[35815]: (root) CMD ([35816]  /usr/lib/php/sessionclean)
2026-07-29T07:09:02.373712-03:00 mail CRON[35815]: (root) END ([35816]  /usr/lib/php/sessionclean)
2026-07-29T07:39:01.389423-03:00 mail CRON[37964]: (root) CMD ([37965]  /usr/lib/php/sessionclean)
2026-07-29T07:39:01.939349-03:00 mail CRON[37964]: (root) END ([37965]  /usr/lib/php/sessionclean)
2026-07-29T08:09:01.954248-03:00 mail CRON[40435]: (root) CMD ([40436]  /usr/lib/php/sessionclean)
2026-07-29T08:09:02.541450-03:00 mail CRON[40435]: (root) END ([40436]  /usr/lib/php/sessionclean)
2026-07-29T08:39:01.558865-03:00 mail CRON[42552]: (root) CMD ([42553]  /usr/lib/php/sessionclean)
2026-07-29T08:39:02.126931-03:00 mail CRON[42552]: (root) END ([42553]  /usr/lib/php/sessionclean)
2026-07-29T09:09:01.142802-03:00 mail CRON[44695]: (root) CMD ([44696]  /usr/lib/php/sessionclean)
2026-07-29T09:09:01.709424-03:00 mail CRON[44695]: (root) END ([44696]  /usr/lib/php/sessionclean)
2026-07-29T09:39:01.725833-03:00 mail CRON[46840]: (root) CMD ([46841]  /usr/lib/php/sessionclean)
2026-07-29T09:39:02.361021-03:00 mail CRON[46840]: (root) END ([46841]  /usr/lib/php/sessionclean)
2026-07-29T10:09:01.377629-03:00 mail CRON[48943]: (root) CMD ([48944]  /usr/lib/php/sessionclean)
2026-07-29T10:09:01.927755-03:00 mail CRON[48943]: (root) END ([48944]  /usr/lib/php/sessionclean)
2026-07-29T10:39:01.945113-03:00 mail CRON[51080]: (root) CMD ([51081]  /usr/lib/php/sessionclean)
2026-07-29T10:39:02.482117-03:00 mail CRON[51080]: (root) END ([51081]  /usr/lib/php/sessionclean)
2026-07-29T11:09:01.496038-03:00 mail CRON[53226]: (root) CMD ([53227]  /usr/lib/php/sessionclean)
2026-07-29T11:09:02.038800-03:00 mail CRON[53226]: (root) END ([53227]  /usr/lib/php/sessionclean)
2026-07-29T11:39:01.051267-03:00 mail CRON[55371]: (root) CMD ([55372]  /usr/lib/php/sessionclean)
2026-07-29T11:39:01.577071-03:00 mail CRON[55371]: (root) END ([55372]  /usr/lib/php/sessionclean)
2026-07-29T12:09:01.592723-03:00 mail CRON[57478]: (root) CMD ([57479]  /usr/lib/php/sessionclean)
2026-07-29T12:09:02.194604-03:00 mail CRON[57478]: (root) END ([57479]  /usr/lib/php/sessionclean)
2026-07-29T12:39:01.211271-03:00 mail CRON[59617]: (root) CMD ([59618]  /usr/lib/php/sessionclean)
2026-07-29T12:39:01.591745-03:00 mail CRON[59617]: (root) END ([59618]  /usr/lib/php/sessionclean)
2026-07-29T13:09:01.605682-03:00 mail CRON[61761]: (root) CMD ([61762]  /usr/lib/php/sessionclean)
2026-07-29T13:09:02.163544-03:00 mail CRON[61761]: (root) END ([61762]  /usr/lib/php/sessionclean)
2026-07-29T13:39:01.177557-03:00 mail CRON[63905]: (root) CMD ([63906]  /usr/lib/php/sessionclean)
2026-07-29T13:39:01.751950-03:00 mail CRON[63905]: (root) END ([63906]  /usr/lib/php/sessionclean)
2026-07-29T14:09:01.766447-03:00 mail CRON[66212]: (root) CMD ([66213]  /usr/lib/php/sessionclean)
2026-07-29T14:09:02.325497-03:00 mail CRON[66212]: (root) END ([66213]  /usr/lib/php/sessionclean)
