800:M 26 Jul 2026 00:27:16.491 * 1 changes in 900 seconds. Saving...
800:M 26 Jul 2026 00:27:16.492 * Background saving started by pid 223325
223325:C 26 Jul 2026 00:27:16.496 * DB saved on disk
223325:C 26 Jul 2026 00:27:16.496 * Fork CoW for RDB: current 0 MB, peak 0 MB, average 0 MB
800:M 26 Jul 2026 00:27:16.592 * Background saving terminated with success
800:M 26 Jul 2026 00:42:17.017 * 1 changes in 900 seconds. Saving...
800:M 26 Jul 2026 00:42:17.018 * Background saving started by pid 224421
224421:C 26 Jul 2026 00:42:17.022 * DB saved on disk
224421:C 26 Jul 2026 00:42:17.023 * Fork CoW for RDB: current 0 MB, peak 0 MB, average 0 MB
800:M 26 Jul 2026 00:42:17.119 * Background saving terminated with success
800:M 26 Jul 2026 01:05:40.531 * 1 changes in 900 seconds. Saving...
800:M 26 Jul 2026 01:05:40.532 * Background saving started by pid 226077
226077:C 26 Jul 2026 01:05:40.536 * DB saved on disk
226077:C 26 Jul 2026 01:05:40.537 * Fork CoW for RDB: current 0 MB, peak 0 MB, average 0 MB
800:M 26 Jul 2026 01:05:40.633 * Background saving terminated with success
800:M 26 Jul 2026 01:10:41.094 * 10 changes in 300 seconds. Saving...
800:M 26 Jul 2026 01:10:41.096 * Background saving started by pid 226469
226469:C 26 Jul 2026 01:10:41.101 * DB saved on disk
226469:C 26 Jul 2026 01:10:41.102 * Fork CoW for RDB: current 0 MB, peak 0 MB, average 0 MB
800:M 26 Jul 2026 01:10:41.197 * Background saving terminated with success
800:M 26 Jul 2026 02:09:12.863 * 1 changes in 900 seconds. Saving...
800:M 26 Jul 2026 02:09:12.864 * Background saving started by pid 230620
230620:C 26 Jul 2026 02:09:12.867 * DB saved on disk
230620:C 26 Jul 2026 02:09:12.868 * Fork CoW for RDB: current 0 MB, peak 0 MB, average 0 MB
800:M 26 Jul 2026 02:09:12.964 * Background saving terminated with success
800:M 26 Jul 2026 03:00:04.138 * 1 changes in 900 seconds. Saving...
800:M 26 Jul 2026 03:00:04.139 * Background saving started by pid 234241
234241:C 26 Jul 2026 03:00:04.143 * DB saved on disk
234241:C 26 Jul 2026 03:00:04.143 * Fork CoW for RDB: current 0 MB, peak 0 MB, average 0 MB
800:M 26 Jul 2026 03:00:04.240 * Background saving terminated with success
800:M 26 Jul 2026 03:05:05.011 * 10 changes in 300 seconds. Saving...
800:M 26 Jul 2026 03:05:05.012 * Background saving started by pid 234591
234591:C 26 Jul 2026 03:05:05.016 * DB saved on disk
234591:C 26 Jul 2026 03:05:05.017 * Fork CoW for RDB: current 0 MB, peak 0 MB, average 0 MB
800:M 26 Jul 2026 03:05:05.112 * Background saving terminated with success
800:M 26 Jul 2026 03:49:30.086 * 1 changes in 900 seconds. Saving...
800:M 26 Jul 2026 03:49:30.087 * Background saving started by pid 237766
237766:C 26 Jul 2026 03:49:30.091 * DB saved on disk
237766:C 26 Jul 2026 03:49:30.092 * Fork CoW for RDB: current 0 MB, peak 0 MB, average 0 MB
800:M 26 Jul 2026 03:49:30.188 * Background saving terminated with success
800:M 26 Jul 2026 04:04:31.059 * 1 changes in 900 seconds. Saving...
800:M 26 Jul 2026 04:04:31.060 * Background saving started by pid 238830
238830:C 26 Jul 2026 04:04:31.063 * DB saved on disk
238830:C 26 Jul 2026 04:04:31.064 * Fork CoW for RDB: current 0 MB, peak 0 MB, average 0 MB
800:M 26 Jul 2026 04:04:31.160 * Background saving terminated with success
800:M 26 Jul 2026 04:21:39.201 * 1 changes in 900 seconds. Saving...
800:M 26 Jul 2026 04:21:39.202 * Background saving started by pid 240062
240062:C 26 Jul 2026 04:21:39.206 * DB saved on disk
240062:C 26 Jul 2026 04:21:39.207 * Fork CoW for RDB: current 0 MB, peak 0 MB, average 0 MB
800:M 26 Jul 2026 04:21:39.302 * Background saving terminated with success
800:M 26 Jul 2026 04:36:40.065 * 1 changes in 900 seconds. Saving...
800:M 26 Jul 2026 04:36:40.066 * Background saving started by pid 241118
241118:C 26 Jul 2026 04:36:40.070 * DB saved on disk
241118:C 26 Jul 2026 04:36:40.070 * Fork CoW for RDB: current 0 MB, peak 0 MB, average 0 MB
800:M 26 Jul 2026 04:36:40.166 * Background saving terminated with success
800:M 26 Jul 2026 04:51:41.001 * 1 changes in 900 seconds. Saving...
800:M 26 Jul 2026 04:51:41.002 * Background saving started by pid 242212
242212:C 26 Jul 2026 04:51:41.005 * DB saved on disk
242212:C 26 Jul 2026 04:51:41.006 * Fork CoW for RDB: current 0 MB, peak 0 MB, average 0 MB
800:M 26 Jul 2026 04:51:41.103 * Background saving terminated with success
800:M 26 Jul 2026 05:17:33.119 * 1 changes in 900 seconds. Saving...
800:M 26 Jul 2026 05:17:33.120 * Background saving started by pid 244035
244035:C 26 Jul 2026 05:17:33.124 * DB saved on disk
244035:C 26 Jul 2026 05:17:33.125 * Fork CoW for RDB: current 0 MB, peak 0 MB, average 0 MB
800:M 26 Jul 2026 05:17:33.221 * Background saving terminated with success
800:M 26 Jul 2026 05:22:34.065 * 10 changes in 300 seconds. Saving...
800:M 26 Jul 2026 05:22:34.066 * Background saving started by pid 244385
244385:C 26 Jul 2026 05:22:34.069 * DB saved on disk
244385:C 26 Jul 2026 05:22:34.070 * Fork CoW for RDB: current 0 MB, peak 0 MB, average 0 MB
800:M 26 Jul 2026 05:22:34.166 * Background saving terminated with success
800:M 26 Jul 2026 06:07:47.715 * 1 changes in 900 seconds. Saving...
800:M 26 Jul 2026 06:07:47.716 * Background saving started by pid 247582
247582:C 26 Jul 2026 06:07:47.724 * DB saved on disk
247582:C 26 Jul 2026 06:07:47.725 * Fork CoW for RDB: current 0 MB, peak 0 MB, average 0 MB
800:M 26 Jul 2026 06:07:47.817 * Background saving terminated with success
800:M 26 Jul 2026 06:22:48.033 * 1 changes in 900 seconds. Saving...
800:M 26 Jul 2026 06:22:48.034 * Background saving started by pid 248731
248731:C 26 Jul 2026 06:22:48.038 * DB saved on disk
248731:C 26 Jul 2026 06:22:48.038 * Fork CoW for RDB: current 0 MB, peak 0 MB, average 0 MB
800:M 26 Jul 2026 06:22:48.135 * Background saving terminated with success
800:M 26 Jul 2026 07:24:11.902 * 1 changes in 900 seconds. Saving...
800:M 26 Jul 2026 07:24:11.903 * Background saving started by pid 253161
253161:C 26 Jul 2026 07:24:11.906 * DB saved on disk
253161:C 26 Jul 2026 07:24:11.907 * Fork CoW for RDB: current 0 MB, peak 0 MB, average 0 MB
800:M 26 Jul 2026 07:24:12.003 * Background saving terminated with success
800:M 26 Jul 2026 07:59:10.557 * 1 changes in 900 seconds. Saving...
800:M 26 Jul 2026 07:59:10.558 * Background saving started by pid 255650
255650:C 26 Jul 2026 07:59:10.562 * DB saved on disk
255650:C 26 Jul 2026 07:59:10.563 * Fork CoW for RDB: current 0 MB, peak 0 MB, average 0 MB
800:M 26 Jul 2026 07:59:10.658 * Background saving terminated with success
800:M 26 Jul 2026 08:04:11.094 * 10 changes in 300 seconds. Saving...
800:M 26 Jul 2026 08:04:11.096 * Background saving started by pid 256003
256003:C 26 Jul 2026 08:04:11.100 * DB saved on disk
256003:C 26 Jul 2026 08:04:11.100 * Fork CoW for RDB: current 0 MB, peak 0 MB, average 0 MB
800:M 26 Jul 2026 08:04:11.196 * Background saving terminated with success
800:M 26 Jul 2026 08:15:36.738 * 10 changes in 300 seconds. Saving...
800:M 26 Jul 2026 08:15:36.739 * Background saving started by pid 256818
256818:C 26 Jul 2026 08:15:36.742 * DB saved on disk
256818:C 26 Jul 2026 08:15:36.743 * Fork CoW for RDB: current 0 MB, peak 0 MB, average 0 MB
800:M 26 Jul 2026 08:15:36.839 * Background saving terminated with success
800:M 26 Jul 2026 08:20:37.040 * 10 changes in 300 seconds. Saving...
800:M 26 Jul 2026 08:20:37.041 * Background saving started by pid 257169
257169:C 26 Jul 2026 08:20:37.044 * DB saved on disk
257169:C 26 Jul 2026 08:20:37.045 * Fork CoW for RDB: current 0 MB, peak 0 MB, average 0 MB
800:M 26 Jul 2026 08:20:37.141 * Background saving terminated with success
800:M 26 Jul 2026 08:35:38.054 * 1 changes in 900 seconds. Saving...
800:M 26 Jul 2026 08:35:38.055 * Background saving started by pid 258222
258222:C 26 Jul 2026 08:35:38.059 * DB saved on disk
258222:C 26 Jul 2026 08:35:38.059 * Fork CoW for RDB: current 0 MB, peak 0 MB, average 0 MB
800:M 26 Jul 2026 08:35:38.156 * Background saving terminated with success
800:M 26 Jul 2026 08:52:17.682 * 1 changes in 900 seconds. Saving...
800:M 26 Jul 2026 08:52:17.683 * Background saving started by pid 259418
259418:C 26 Jul 2026 08:52:17.686 * DB saved on disk
259418:C 26 Jul 2026 08:52:17.687 * Fork CoW for RDB: current 0 MB, peak 0 MB, average 0 MB
800:M 26 Jul 2026 08:52:17.783 * Background saving terminated with success
800:M 26 Jul 2026 08:57:18.037 * 10 changes in 300 seconds. Saving...
800:M 26 Jul 2026 08:57:18.038 * Background saving started by pid 259769
259769:C 26 Jul 2026 08:57:18.042 * DB saved on disk
259769:C 26 Jul 2026 08:57:18.042 * Fork CoW for RDB: current 0 MB, peak 0 MB, average 0 MB
800:M 26 Jul 2026 08:57:18.138 * Background saving terminated with success
800:M 26 Jul 2026 09:53:06.638 * 1 changes in 900 seconds. Saving...
800:M 26 Jul 2026 09:53:06.640 * Background saving started by pid 263733
263733:C 26 Jul 2026 09:53:06.644 * DB saved on disk
263733:C 26 Jul 2026 09:53:06.645 * Fork CoW for RDB: current 0 MB, peak 0 MB, average 0 MB
800:M 26 Jul 2026 09:53:06.740 * Background saving terminated with success
800:M 26 Jul 2026 09:58:07.002 * 10 changes in 300 seconds. Saving...
800:M 26 Jul 2026 09:58:07.004 * Background saving started by pid 264082
264082:C 26 Jul 2026 09:58:07.010 * DB saved on disk
264082:C 26 Jul 2026 09:58:07.011 * Fork CoW for RDB: current 0 MB, peak 0 MB, average 0 MB
800:M 26 Jul 2026 09:58:07.105 * Background saving terminated with success
800:M 26 Jul 2026 13:29:41.765 * 1 changes in 900 seconds. Saving...
800:M 26 Jul 2026 13:29:41.767 * Background saving started by pid 279111
279111:C 26 Jul 2026 13:29:41.773 * DB saved on disk
279111:C 26 Jul 2026 13:29:41.774 * Fork CoW for RDB: current 0 MB, peak 0 MB, average 0 MB
800:M 26 Jul 2026 13:29:41.869 * Background saving terminated with success
800:M 26 Jul 2026 13:34:42.023 * 10 changes in 300 seconds. Saving...
800:M 26 Jul 2026 13:34:42.024 * Background saving started by pid 279465
279465:C 26 Jul 2026 13:34:42.028 * DB saved on disk
279465:C 26 Jul 2026 13:34:42.028 * Fork CoW for RDB: current 0 MB, peak 0 MB, average 0 MB
800:M 26 Jul 2026 13:34:42.125 * Background saving terminated with success
800:M 26 Jul 2026 13:39:43.057 * 10 changes in 300 seconds. Saving...
800:M 26 Jul 2026 13:39:43.058 * Background saving started by pid 279858
279858:C 26 Jul 2026 13:39:43.061 * DB saved on disk
279858:C 26 Jul 2026 13:39:43.062 * Fork CoW for RDB: current 0 MB, peak 0 MB, average 0 MB
800:M 26 Jul 2026 13:39:43.159 * Background saving terminated with success
800:M 26 Jul 2026 13:54:44.034 * 1 changes in 900 seconds. Saving...
800:M 26 Jul 2026 13:54:44.035 * Background saving started by pid 280910
280910:C 26 Jul 2026 13:54:44.038 * DB saved on disk
280910:C 26 Jul 2026 13:54:44.039 * Fork CoW for RDB: current 0 MB, peak 0 MB, average 0 MB
800:M 26 Jul 2026 13:54:44.135 * Background saving terminated with success
800:M 26 Jul 2026 15:12:42.854 * 1 changes in 900 seconds. Saving...
800:M 26 Jul 2026 15:12:42.855 * Background saving started by pid 286508
286508:C 26 Jul 2026 15:12:42.859 * DB saved on disk
286508:C 26 Jul 2026 15:12:42.860 * Fork CoW for RDB: current 0 MB, peak 0 MB, average 0 MB
800:M 26 Jul 2026 15:12:42.956 * Background saving terminated with success
800:M 26 Jul 2026 15:17:43.098 * 10 changes in 300 seconds. Saving...
800:M 26 Jul 2026 15:17:43.099 * Background saving started by pid 286859
286859:C 26 Jul 2026 15:17:43.102 * DB saved on disk
286859:C 26 Jul 2026 15:17:43.103 * Fork CoW for RDB: current 0 MB, peak 0 MB, average 0 MB
800:M 26 Jul 2026 15:17:43.199 * Background saving terminated with success
800:M 26 Jul 2026 17:16:24.990 * 1 changes in 900 seconds. Saving...
800:M 26 Jul 2026 17:16:24.991 * Background saving started by pid 295281
295281:C 26 Jul 2026 17:16:24.995 * DB saved on disk
295281:C 26 Jul 2026 17:16:24.996 * Fork CoW for RDB: current 0 MB, peak 0 MB, average 0 MB
800:M 26 Jul 2026 17:16:25.091 * Background saving terminated with success
800:M 26 Jul 2026 17:21:26.031 * 10 changes in 300 seconds. Saving...
800:M 26 Jul 2026 17:21:26.031 * Background saving started by pid 295631
295631:C 26 Jul 2026 17:21:26.036 * DB saved on disk
295631:C 26 Jul 2026 17:21:26.037 * Fork CoW for RDB: current 0 MB, peak 0 MB, average 0 MB
800:M 26 Jul 2026 17:21:26.132 * Background saving terminated with success
800:M 26 Jul 2026 17:26:28.703 * 10 changes in 300 seconds. Saving...
800:M 26 Jul 2026 17:26:28.704 * Background saving started by pid 295983
295983:C 26 Jul 2026 17:26:28.707 * DB saved on disk
295983:C 26 Jul 2026 17:26:28.708 * Fork CoW for RDB: current 0 MB, peak 0 MB, average 0 MB
800:M 26 Jul 2026 17:26:28.804 * Background saving terminated with success
800:M 26 Jul 2026 20:58:44.284 * 1 changes in 900 seconds. Saving...
800:M 26 Jul 2026 20:58:44.285 * Background saving started by pid 311036
311036:C 26 Jul 2026 20:58:44.289 * DB saved on disk
311036:C 26 Jul 2026 20:58:44.290 * Fork CoW for RDB: current 0 MB, peak 0 MB, average 0 MB
800:M 26 Jul 2026 20:58:44.386 * Background saving terminated with success
800:M 26 Jul 2026 21:03:45.037 * 10 changes in 300 seconds. Saving...
800:M 26 Jul 2026 21:03:45.038 * Background saving started by pid 311387
311387:C 26 Jul 2026 21:03:45.042 * DB saved on disk
311387:C 26 Jul 2026 21:03:45.043 * Fork CoW for RDB: current 0 MB, peak 0 MB, average 0 MB
800:M 26 Jul 2026 21:03:45.139 * Background saving terminated with success
800:M 26 Jul 2026 21:18:46.037 * 1 changes in 900 seconds. Saving...
800:M 26 Jul 2026 21:18:46.038 * Background saving started by pid 312480
312480:C 26 Jul 2026 21:18:46.041 * DB saved on disk
312480:C 26 Jul 2026 21:18:46.042 * Fork CoW for RDB: current 0 MB, peak 0 MB, average 0 MB
800:M 26 Jul 2026 21:18:46.138 * Background saving terminated with success
800:M 26 Jul 2026 21:33:47.032 * 1 changes in 900 seconds. Saving...
800:M 26 Jul 2026 21:33:47.033 * Background saving started by pid 313533
313533:C 26 Jul 2026 21:33:47.036 * DB saved on disk
313533:C 26 Jul 2026 21:33:47.037 * Fork CoW for RDB: current 0 MB, peak 0 MB, average 0 MB
800:M 26 Jul 2026 21:33:47.133 * Background saving terminated with success
800:M 27 Jul 2026 00:13:18.613 * 1 changes in 900 seconds. Saving...
800:M 27 Jul 2026 00:13:18.616 * Background saving started by pid 324959
324959:C 27 Jul 2026 00:13:18.624 * DB saved on disk
324959:C 27 Jul 2026 00:13:18.626 * Fork CoW for RDB: current 0 MB, peak 0 MB, average 0 MB
800:M 27 Jul 2026 00:13:18.717 * Background saving terminated with success
800:M 27 Jul 2026 00:28:19.001 * 1 changes in 900 seconds. Saving...
800:M 27 Jul 2026 00:28:19.002 * Background saving started by pid 326010
326010:C 27 Jul 2026 00:28:19.006 * DB saved on disk
326010:C 27 Jul 2026 00:28:19.007 * Fork CoW for RDB: current 0 MB, peak 0 MB, average 0 MB
800:M 27 Jul 2026 00:28:19.103 * Background saving terminated with success
800:M 27 Jul 2026 00:43:20.083 * 1 changes in 900 seconds. Saving...
800:M 27 Jul 2026 00:43:20.083 * Background saving started by pid 327071
327071:C 27 Jul 2026 00:43:20.087 * DB saved on disk
327071:C 27 Jul 2026 00:43:20.088 * Fork CoW for RDB: current 0 MB, peak 0 MB, average 0 MB
800:M 27 Jul 2026 00:43:20.184 * Background saving terminated with success
800:M 27 Jul 2026 00:54:35.110 * 10 changes in 300 seconds. Saving...
800:M 27 Jul 2026 00:54:35.111 * Background saving started by pid 327879
327879:C 27 Jul 2026 00:54:35.115 * DB saved on disk
327879:C 27 Jul 2026 00:54:35.116 * Fork CoW for RDB: current 0 MB, peak 0 MB, average 0 MB
800:M 27 Jul 2026 00:54:35.212 * Background saving terminated with success
800:M 27 Jul 2026 01:09:36.080 * 1 changes in 900 seconds. Saving...
800:M 27 Jul 2026 01:09:36.081 * Background saving started by pid 328971
328971:C 27 Jul 2026 01:09:36.085 * DB saved on disk
328971:C 27 Jul 2026 01:09:36.086 * Fork CoW for RDB: current 0 MB, peak 0 MB, average 0 MB
800:M 27 Jul 2026 01:09:36.182 * Background saving terminated with success
800:M 27 Jul 2026 01:33:17.194 * 1 changes in 900 seconds. Saving...
800:M 27 Jul 2026 01:33:17.196 * Background saving started by pid 330642
330642:C 27 Jul 2026 01:33:17.200 * DB saved on disk
330642:C 27 Jul 2026 01:33:17.201 * Fork CoW for RDB: current 0 MB, peak 0 MB, average 0 MB
800:M 27 Jul 2026 01:33:17.296 * Background saving terminated with success
800:M 27 Jul 2026 01:38:18.067 * 10 changes in 300 seconds. Saving...
800:M 27 Jul 2026 01:38:18.067 * Background saving started by pid 331008
331008:C 27 Jul 2026 01:38:18.071 * DB saved on disk
331008:C 27 Jul 2026 01:38:18.071 * Fork CoW for RDB: current 0 MB, peak 0 MB, average 0 MB
800:M 27 Jul 2026 01:38:18.168 * Background saving terminated with success
800:M 27 Jul 2026 02:08:44.126 * 1 changes in 900 seconds. Saving...
800:M 27 Jul 2026 02:08:44.127 * Background saving started by pid 333172
333172:C 27 Jul 2026 02:08:44.130 * DB saved on disk
333172:C 27 Jul 2026 02:08:44.131 * Fork CoW for RDB: current 0 MB, peak 0 MB, average 0 MB
800:M 27 Jul 2026 02:08:44.227 * Background saving terminated with success
800:M 27 Jul 2026 02:13:45.078 * 10 changes in 300 seconds. Saving...
800:M 27 Jul 2026 02:13:45.079 * Background saving started by pid 333566
333566:C 27 Jul 2026 02:13:45.082 * DB saved on disk
333566:C 27 Jul 2026 02:13:45.083 * Fork CoW for RDB: current 0 MB, peak 0 MB, average 0 MB
800:M 27 Jul 2026 02:13:45.179 * Background saving terminated with success
800:M 27 Jul 2026 02:28:46.037 * 1 changes in 900 seconds. Saving...
800:M 27 Jul 2026 02:28:46.037 * Background saving started by pid 334619
334619:C 27 Jul 2026 02:28:46.041 * DB saved on disk
334619:C 27 Jul 2026 02:28:46.043 * Fork CoW for RDB: current 0 MB, peak 0 MB, average 0 MB
800:M 27 Jul 2026 02:28:46.138 * Background saving terminated with success
800:M 27 Jul 2026 03:33:49.296 * 1 changes in 900 seconds. Saving...
800:M 27 Jul 2026 03:33:49.297 * Background saving started by pid 339297
339297:C 27 Jul 2026 03:33:49.301 * DB saved on disk
339297:C 27 Jul 2026 03:33:49.302 * Fork CoW for RDB: current 0 MB, peak 0 MB, average 0 MB
800:M 27 Jul 2026 03:33:49.397 * Background saving terminated with success
800:M 27 Jul 2026 03:48:50.055 * 1 changes in 900 seconds. Saving...
800:M 27 Jul 2026 03:48:50.056 * Background saving started by pid 340392
340392:C 27 Jul 2026 03:48:50.059 * DB saved on disk
340392:C 27 Jul 2026 03:48:50.060 * Fork CoW for RDB: current 0 MB, peak 0 MB, average 0 MB
800:M 27 Jul 2026 03:48:50.156 * Background saving terminated with success
800:M 27 Jul 2026 04:17:11.724 * 1 changes in 900 seconds. Saving...
800:M 27 Jul 2026 04:17:11.725 * Background saving started by pid 342409
342409:C 27 Jul 2026 04:17:11.729 * DB saved on disk
342409:C 27 Jul 2026 04:17:11.729 * Fork CoW for RDB: current 0 MB, peak 0 MB, average 0 MB
800:M 27 Jul 2026 04:17:11.826 * Background saving terminated with success
800:M 27 Jul 2026 04:22:12.084 * 10 changes in 300 seconds. Saving...
800:M 27 Jul 2026 04:22:12.085 * Background saving started by pid 342758
342758:C 27 Jul 2026 04:22:12.089 * DB saved on disk
342758:C 27 Jul 2026 04:22:12.089 * Fork CoW for RDB: current 0 MB, peak 0 MB, average 0 MB
800:M 27 Jul 2026 04:22:12.186 * Background saving terminated with success
800:M 27 Jul 2026 04:37:13.010 * 1 changes in 900 seconds. Saving...
800:M 27 Jul 2026 04:37:13.011 * Background saving started by pid 343810
343810:C 27 Jul 2026 04:37:13.014 * DB saved on disk
343810:C 27 Jul 2026 04:37:13.015 * Fork CoW for RDB: current 0 MB, peak 0 MB, average 0 MB
800:M 27 Jul 2026 04:37:13.112 * Background saving terminated with success
800:M 27 Jul 2026 05:30:38.493 * 1 changes in 900 seconds. Saving...
800:M 27 Jul 2026 05:30:38.494 * Background saving started by pid 347992
347992:C 27 Jul 2026 05:30:38.498 * DB saved on disk
347992:C 27 Jul 2026 05:30:38.500 * Fork CoW for RDB: current 0 MB, peak 0 MB, average 0 MB
800:M 27 Jul 2026 05:30:38.594 * Background saving terminated with success
800:M 27 Jul 2026 05:35:39.062 * 10 changes in 300 seconds. Saving...
800:M 27 Jul 2026 05:35:39.063 * Background saving started by pid 348342
348342:C 27 Jul 2026 05:35:39.066 * DB saved on disk
348342:C 27 Jul 2026 05:35:39.067 * Fork CoW for RDB: current 0 MB, peak 0 MB, average 0 MB
800:M 27 Jul 2026 05:35:39.163 * Background saving terminated with success
800:M 27 Jul 2026 06:49:03.007 * 1 changes in 900 seconds. Saving...
800:M 27 Jul 2026 06:49:03.008 * Background saving started by pid 353737
353737:C 27 Jul 2026 06:49:03.013 * DB saved on disk
353737:C 27 Jul 2026 06:49:03.014 * Fork CoW for RDB: current 0 MB, peak 0 MB, average 0 MB
800:M 27 Jul 2026 06:49:03.109 * Background saving terminated with success
800:M 27 Jul 2026 06:58:14.265 * 10 changes in 300 seconds. Saving...
800:M 27 Jul 2026 06:58:14.267 * Background saving started by pid 354368
354368:C 27 Jul 2026 06:58:14.272 * DB saved on disk
354368:C 27 Jul 2026 06:58:14.274 * Fork CoW for RDB: current 0 MB, peak 0 MB, average 0 MB
800:M 27 Jul 2026 06:58:14.368 * Background saving terminated with success
800:M 27 Jul 2026 07:13:15.094 * 1 changes in 900 seconds. Saving...
800:M 27 Jul 2026 07:13:15.096 * Background saving started by pid 355467
355467:C 27 Jul 2026 07:13:15.099 * DB saved on disk
355467:C 27 Jul 2026 07:13:15.100 * Fork CoW for RDB: current 0 MB, peak 0 MB, average 0 MB
800:M 27 Jul 2026 07:13:15.196 * Background saving terminated with success
800:M 27 Jul 2026 07:28:16.064 * 1 changes in 900 seconds. Saving...
800:M 27 Jul 2026 07:28:16.065 * Background saving started by pid 356518
356518:C 27 Jul 2026 07:28:16.069 * DB saved on disk
356518:C 27 Jul 2026 07:28:16.070 * Fork CoW for RDB: current 0 MB, peak 0 MB, average 0 MB
800:M 27 Jul 2026 07:28:16.166 * Background saving terminated with success
800:M 27 Jul 2026 07:40:21.816 * 10 changes in 300 seconds. Saving...
800:M 27 Jul 2026 07:40:21.817 * Background saving started by pid 357400
357400:C 27 Jul 2026 07:40:21.821 * DB saved on disk
357400:C 27 Jul 2026 07:40:21.822 * Fork CoW for RDB: current 0 MB, peak 0 MB, average 0 MB
800:M 27 Jul 2026 07:40:21.918 * Background saving terminated with success
800:M 27 Jul 2026 07:55:22.097 * 1 changes in 900 seconds. Saving...
800:M 27 Jul 2026 07:55:22.098 * Background saving started by pid 358449
358449:C 27 Jul 2026 07:55:22.102 * DB saved on disk
358449:C 27 Jul 2026 07:55:22.103 * Fork CoW for RDB: current 0 MB, peak 0 MB, average 0 MB
800:M 27 Jul 2026 07:55:22.199 * Background saving terminated with success
800:M 27 Jul 2026 10:32:07.322 * 1 changes in 900 seconds. Saving...
800:M 27 Jul 2026 10:32:07.323 * Background saving started by pid 369603
369603:C 27 Jul 2026 10:32:07.327 * DB saved on disk
369603:C 27 Jul 2026 10:32:07.327 * Fork CoW for RDB: current 0 MB, peak 0 MB, average 0 MB
800:M 27 Jul 2026 10:32:07.423 * Background saving terminated with success
800:M 27 Jul 2026 10:38:43.495 * 10 changes in 300 seconds. Saving...
800:M 27 Jul 2026 10:38:43.496 * Background saving started by pid 370059
370059:C 27 Jul 2026 10:38:43.500 * DB saved on disk
370059:C 27 Jul 2026 10:38:43.500 * Fork CoW for RDB: current 0 MB, peak 0 MB, average 0 MB
800:M 27 Jul 2026 10:38:43.597 * Background saving terminated with success
800:M 27 Jul 2026 11:54:21.222 * 1 changes in 900 seconds. Saving...
800:M 27 Jul 2026 11:54:21.223 * Background saving started by pid 375434
375434:C 27 Jul 2026 11:54:21.227 * DB saved on disk
375434:C 27 Jul 2026 11:54:21.228 * Fork CoW for RDB: current 0 MB, peak 0 MB, average 0 MB
800:M 27 Jul 2026 11:54:21.324 * Background saving terminated with success
800:M 27 Jul 2026 11:59:22.074 * 10 changes in 300 seconds. Saving...
800:M 27 Jul 2026 11:59:22.075 * Background saving started by pid 375783
375783:C 27 Jul 2026 11:59:22.081 * DB saved on disk
375783:C 27 Jul 2026 11:59:22.082 * Fork CoW for RDB: current 0 MB, peak 0 MB, average 0 MB
800:M 27 Jul 2026 11:59:22.176 * Background saving terminated with success
800:M 27 Jul 2026 12:14:23.001 * 1 changes in 900 seconds. Saving...
800:M 27 Jul 2026 12:14:23.003 * Background saving started by pid 376874
376874:C 27 Jul 2026 12:14:23.006 * DB saved on disk
376874:C 27 Jul 2026 12:14:23.007 * Fork CoW for RDB: current 0 MB, peak 0 MB, average 0 MB
800:M 27 Jul 2026 12:14:23.103 * Background saving terminated with success
800:M 27 Jul 2026 12:57:16.059 * 1 changes in 900 seconds. Saving...
800:M 27 Jul 2026 12:57:16.060 * Background saving started by pid 379930
379930:C 27 Jul 2026 12:57:16.064 * DB saved on disk
379930:C 27 Jul 2026 12:57:16.065 * Fork CoW for RDB: current 0 MB, peak 0 MB, average 0 MB
800:M 27 Jul 2026 12:57:16.161 * Background saving terminated with success
800:M 27 Jul 2026 13:02:17.014 * 10 changes in 300 seconds. Saving...
800:M 27 Jul 2026 13:02:17.015 * Background saving started by pid 380246
380246:C 27 Jul 2026 13:02:17.019 * DB saved on disk
380246:C 27 Jul 2026 13:02:17.019 * Fork CoW for RDB: current 0 MB, peak 0 MB, average 0 MB
800:M 27 Jul 2026 13:02:17.116 * Background saving terminated with success
800:M 27 Jul 2026 13:56:09.580 * 1 changes in 900 seconds. Saving...
800:M 27 Jul 2026 13:56:09.582 * Background saving started by pid 384111
384111:C 27 Jul 2026 13:56:09.588 * DB saved on disk
384111:C 27 Jul 2026 13:56:09.589 * Fork CoW for RDB: current 0 MB, peak 0 MB, average 0 MB
800:M 27 Jul 2026 13:56:09.682 * Background saving terminated with success
800:M 27 Jul 2026 14:08:03.362 * 10 changes in 300 seconds. Saving...
800:M 27 Jul 2026 14:08:03.363 * Background saving started by pid 384921
384921:C 27 Jul 2026 14:08:03.366 * DB saved on disk
384921:C 27 Jul 2026 14:08:03.367 * Fork CoW for RDB: current 0 MB, peak 0 MB, average 0 MB
800:M 27 Jul 2026 14:08:03.464 * Background saving terminated with success
800:M 27 Jul 2026 14:13:04.042 * 10 changes in 300 seconds. Saving...
800:M 27 Jul 2026 14:13:04.043 * Background saving started by pid 385316
385316:C 27 Jul 2026 14:13:04.047 * DB saved on disk
385316:C 27 Jul 2026 14:13:04.048 * Fork CoW for RDB: current 0 MB, peak 0 MB, average 0 MB
800:M 27 Jul 2026 14:13:04.144 * Background saving terminated with success
800:M 27 Jul 2026 15:01:02.167 * 1 changes in 900 seconds. Saving...
800:M 27 Jul 2026 15:01:02.168 * Background saving started by pid 388710
388710:C 27 Jul 2026 15:01:02.173 * DB saved on disk
388710:C 27 Jul 2026 15:01:02.174 * Fork CoW for RDB: current 0 MB, peak 0 MB, average 0 MB
800:M 27 Jul 2026 15:01:02.269 * Background saving terminated with success
800:M 27 Jul 2026 15:06:03.006 * 10 changes in 300 seconds. Saving...
800:M 27 Jul 2026 15:06:03.008 * Background saving started by pid 389060
389060:C 27 Jul 2026 15:06:03.012 * DB saved on disk
389060:C 27 Jul 2026 15:06:03.013 * Fork CoW for RDB: current 0 MB, peak 0 MB, average 0 MB
800:M 27 Jul 2026 15:06:03.109 * Background saving terminated with success
800:M 27 Jul 2026 16:03:35.482 * 1 changes in 900 seconds. Saving...
800:M 27 Jul 2026 16:03:35.483 * Background saving started by pid 393131
393131:C 27 Jul 2026 16:03:35.487 * DB saved on disk
393131:C 27 Jul 2026 16:03:35.487 * Fork CoW for RDB: current 0 MB, peak 0 MB, average 0 MB
800:M 27 Jul 2026 16:03:35.583 * Background saving terminated with success
800:M 27 Jul 2026 16:17:29.534 * 10 changes in 300 seconds. Saving...
800:M 27 Jul 2026 16:17:29.535 * Background saving started by pid 394153
394153:C 27 Jul 2026 16:17:29.538 * DB saved on disk
394153:C 27 Jul 2026 16:17:29.539 * Fork CoW for RDB: current 0 MB, peak 0 MB, average 0 MB
800:M 27 Jul 2026 16:17:29.635 * Background saving terminated with success
800:M 27 Jul 2026 16:32:30.011 * 1 changes in 900 seconds. Saving...
800:M 27 Jul 2026 16:32:30.011 * Background saving started by pid 395203
395203:C 27 Jul 2026 16:32:30.015 * DB saved on disk
395203:C 27 Jul 2026 16:32:30.016 * Fork CoW for RDB: current 0 MB, peak 0 MB, average 0 MB
800:M 27 Jul 2026 16:32:30.112 * Background saving terminated with success
800:M 27 Jul 2026 17:22:44.285 * 1 changes in 900 seconds. Saving...
800:M 27 Jul 2026 17:22:44.287 * Background saving started by pid 398786
398786:C 27 Jul 2026 17:22:44.294 * DB saved on disk
398786:C 27 Jul 2026 17:22:44.296 * Fork CoW for RDB: current 0 MB, peak 0 MB, average 0 MB
800:M 27 Jul 2026 17:22:44.387 * Background saving terminated with success
800:M 27 Jul 2026 17:27:45.053 * 10 changes in 300 seconds. Saving...
800:M 27 Jul 2026 17:27:45.054 * Background saving started by pid 399135
399135:C 27 Jul 2026 17:27:45.057 * DB saved on disk
399135:C 27 Jul 2026 17:27:45.058 * Fork CoW for RDB: current 0 MB, peak 0 MB, average 0 MB
800:M 27 Jul 2026 17:27:45.155 * Background saving terminated with success
800:M 27 Jul 2026 22:22:55.812 * 1 changes in 900 seconds. Saving...
800:M 27 Jul 2026 22:22:55.813 * Background saving started by pid 420140
420140:C 27 Jul 2026 22:22:55.817 * DB saved on disk
420140:C 27 Jul 2026 22:22:55.818 * Fork CoW for RDB: current 0 MB, peak 0 MB, average 0 MB
800:M 27 Jul 2026 22:22:55.914 * Background saving terminated with success
800:M 27 Jul 2026 22:27:56.073 * 10 changes in 300 seconds. Saving...
800:M 27 Jul 2026 22:27:56.074 * Background saving started by pid 420491
420491:C 27 Jul 2026 22:27:56.078 * DB saved on disk
420491:C 27 Jul 2026 22:27:56.079 * Fork CoW for RDB: current 0 MB, peak 0 MB, average 0 MB
800:M 27 Jul 2026 22:27:56.175 * Background saving terminated with success
800:M 27 Jul 2026 22:42:57.033 * 1 changes in 900 seconds. Saving...
800:M 27 Jul 2026 22:42:57.034 * Background saving started by pid 421587
421587:C 27 Jul 2026 22:42:57.038 * DB saved on disk
421587:C 27 Jul 2026 22:42:57.039 * Fork CoW for RDB: current 0 MB, peak 0 MB, average 0 MB
800:M 27 Jul 2026 22:42:57.135 * Background saving terminated with success
800:M 27 Jul 2026 22:57:58.082 * 1 changes in 900 seconds. Saving...
800:M 27 Jul 2026 22:57:58.083 * Background saving started by pid 422646
422646:C 27 Jul 2026 22:57:58.087 * DB saved on disk
422646:C 27 Jul 2026 22:57:58.088 * Fork CoW for RDB: current 0 MB, peak 0 MB, average 0 MB
800:M 27 Jul 2026 22:57:58.184 * Background saving terminated with success
800:M 27 Jul 2026 23:13:21.230 * 1 changes in 900 seconds. Saving...
800:M 27 Jul 2026 23:13:21.231 * Background saving started by pid 423785
423785:C 27 Jul 2026 23:13:21.235 * DB saved on disk
423785:C 27 Jul 2026 23:13:21.236 * Fork CoW for RDB: current 0 MB, peak 0 MB, average 0 MB
800:M 27 Jul 2026 23:13:21.332 * Background saving terminated with success
800:M 27 Jul 2026 23:18:22.071 * 10 changes in 300 seconds. Saving...
800:M 27 Jul 2026 23:18:22.072 * Background saving started by pid 424137
424137:C 27 Jul 2026 23:18:22.075 * DB saved on disk
424137:C 27 Jul 2026 23:18:22.076 * Fork CoW for RDB: current 0 MB, peak 0 MB, average 0 MB
800:M 27 Jul 2026 23:18:22.172 * Background saving terminated with success
800:M 27 Jul 2026 23:26:49.592 * 10 changes in 300 seconds. Saving...
800:M 27 Jul 2026 23:26:49.593 * Background saving started by pid 424742
424742:C 27 Jul 2026 23:26:49.598 * DB saved on disk
424742:C 27 Jul 2026 23:26:49.599 * Fork CoW for RDB: current 0 MB, peak 0 MB, average 0 MB
800:M 27 Jul 2026 23:26:49.693 * Background saving terminated with success
800:M 27 Jul 2026 23:31:50.077 * 10 changes in 300 seconds. Saving...
800:M 27 Jul 2026 23:31:50.078 * Background saving started by pid 425092
425092:C 27 Jul 2026 23:31:50.082 * DB saved on disk
425092:C 27 Jul 2026 23:31:50.082 * Fork CoW for RDB: current 0 MB, peak 0 MB, average 0 MB
800:M 27 Jul 2026 23:31:50.179 * Background saving terminated with success
800:M 27 Jul 2026 23:46:51.071 * 1 changes in 900 seconds. Saving...
800:M 27 Jul 2026 23:46:51.072 * Background saving started by pid 426144
426144:C 27 Jul 2026 23:46:51.076 * DB saved on disk
426144:C 27 Jul 2026 23:46:51.077 * Fork CoW for RDB: current 0 MB, peak 0 MB, average 0 MB
800:M 27 Jul 2026 23:46:51.173 * Background saving terminated with success
800:M 28 Jul 2026 00:17:11.640 * 1 changes in 900 seconds. Saving...
800:M 28 Jul 2026 00:17:11.642 * Background saving started by pid 428333
428333:C 28 Jul 2026 00:17:11.647 * DB saved on disk
428333:C 28 Jul 2026 00:17:11.648 * Fork CoW for RDB: current 0 MB, peak 0 MB, average 0 MB
800:M 28 Jul 2026 00:17:11.742 * Background saving terminated with success
800:M 28 Jul 2026 00:32:16.545 * 1 changes in 900 seconds. Saving...
800:M 28 Jul 2026 00:32:16.546 * Background saving started by pid 429383
429383:C 28 Jul 2026 00:32:16.549 * DB saved on disk
429383:C 28 Jul 2026 00:32:16.550 * Fork CoW for RDB: current 0 MB, peak 0 MB, average 0 MB
800:M 28 Jul 2026 00:32:16.646 * Background saving terminated with success
800:M 28 Jul 2026 01:50:27.316 * 1 changes in 900 seconds. Saving...
800:M 28 Jul 2026 01:50:27.317 * Background saving started by pid 434949
434949:C 28 Jul 2026 01:50:27.321 * DB saved on disk
434949:C 28 Jul 2026 01:50:27.322 * Fork CoW for RDB: current 0 MB, peak 0 MB, average 0 MB
800:M 28 Jul 2026 01:50:27.418 * Background saving terminated with success
800:M 28 Jul 2026 02:12:33.315 * 1 changes in 900 seconds. Saving...
800:M 28 Jul 2026 02:12:33.316 * Background saving started by pid 436540
436540:C 28 Jul 2026 02:12:33.319 * DB saved on disk
436540:C 28 Jul 2026 02:12:33.320 * Fork CoW for RDB: current 0 MB, peak 0 MB, average 0 MB
800:M 28 Jul 2026 02:12:33.416 * Background saving terminated with success
800:M 28 Jul 2026 02:19:07.876 * 10 changes in 300 seconds. Saving...
800:M 28 Jul 2026 02:19:07.877 * Background saving started by pid 436998
436998:C 28 Jul 2026 02:19:07.880 * DB saved on disk
436998:C 28 Jul 2026 02:19:07.881 * Fork CoW for RDB: current 0 MB, peak 0 MB, average 0 MB
800:M 28 Jul 2026 02:19:07.977 * Background saving terminated with success
800:M 28 Jul 2026 02:34:08.004 * 1 changes in 900 seconds. Saving...
800:M 28 Jul 2026 02:34:08.005 * Background saving started by pid 438051
438051:C 28 Jul 2026 02:34:08.009 * DB saved on disk
438051:C 28 Jul 2026 02:34:08.009 * Fork CoW for RDB: current 0 MB, peak 0 MB, average 0 MB
800:M 28 Jul 2026 02:34:08.106 * Background saving terminated with success
800:M 28 Jul 2026 03:00:24.166 * 1 changes in 900 seconds. Saving...
800:M 28 Jul 2026 03:00:24.167 * Background saving started by pid 439951
439951:C 28 Jul 2026 03:00:24.171 * DB saved on disk
439951:C 28 Jul 2026 03:00:24.172 * Fork CoW for RDB: current 0 MB, peak 0 MB, average 0 MB
800:M 28 Jul 2026 03:00:24.268 * Background saving terminated with success
800:M 28 Jul 2026 03:15:25.039 * 1 changes in 900 seconds. Saving...
800:M 28 Jul 2026 03:15:25.040 * Background saving started by pid 441056
441056:C 28 Jul 2026 03:15:25.043 * DB saved on disk
441056:C 28 Jul 2026 03:15:25.044 * Fork CoW for RDB: current 0 MB, peak 0 MB, average 0 MB
800:M 28 Jul 2026 03:15:25.140 * Background saving terminated with success
800:M 28 Jul 2026 03:48:49.529 * 1 changes in 900 seconds. Saving...
800:M 28 Jul 2026 03:48:49.530 * Background saving started by pid 443422
443422:C 28 Jul 2026 03:48:49.534 * DB saved on disk
443422:C 28 Jul 2026 03:48:49.535 * Fork CoW for RDB: current 0 MB, peak 0 MB, average 0 MB
800:M 28 Jul 2026 03:48:49.631 * Background saving terminated with success
800:M 28 Jul 2026 03:53:50.011 * 10 changes in 300 seconds. Saving...
800:M 28 Jul 2026 03:53:50.011 * Background saving started by pid 443774
443774:C 28 Jul 2026 03:53:50.015 * DB saved on disk
443774:C 28 Jul 2026 03:53:50.016 * Fork CoW for RDB: current 0 MB, peak 0 MB, average 0 MB
800:M 28 Jul 2026 03:53:50.112 * Background saving terminated with success
800:M 28 Jul 2026 04:58:22.002 * 1 changes in 900 seconds. Saving...
800:M 28 Jul 2026 04:58:22.003 * Background saving started by pid 448395
448395:C 28 Jul 2026 04:58:22.006 * DB saved on disk
448395:C 28 Jul 2026 04:58:22.007 * Fork CoW for RDB: current 0 MB, peak 0 MB, average 0 MB
800:M 28 Jul 2026 04:58:22.103 * Background saving terminated with success
800:M 28 Jul 2026 06:09:17.479 * 1 changes in 900 seconds. Saving...
800:M 28 Jul 2026 06:09:17.480 * Background saving started by pid 453661
453661:C 28 Jul 2026 06:09:17.485 * DB saved on disk
453661:C 28 Jul 2026 06:09:17.486 * Fork CoW for RDB: current 0 MB, peak 0 MB, average 0 MB
800:M 28 Jul 2026 06:09:17.581 * Background saving terminated with success
800:M 28 Jul 2026 06:24:18.045 * 1 changes in 900 seconds. Saving...
800:M 28 Jul 2026 06:24:18.046 * Background saving started by pid 454762
454762:C 28 Jul 2026 06:24:18.050 * DB saved on disk
454762:C 28 Jul 2026 06:24:18.051 * Fork CoW for RDB: current 0 MB, peak 0 MB, average 0 MB
800:M 28 Jul 2026 06:24:18.147 * Background saving terminated with success
800:M 28 Jul 2026 06:37:14.946 * 10 changes in 300 seconds. Saving...
800:M 28 Jul 2026 06:37:14.947 * Background saving started by pid 455715
455715:C 28 Jul 2026 06:37:14.952 * DB saved on disk
455715:C 28 Jul 2026 06:37:14.952 * Fork CoW for RDB: current 0 MB, peak 0 MB, average 0 MB
800:M 28 Jul 2026 06:37:15.048 * Background saving terminated with success
800:M 28 Jul 2026 06:50:26.269 * 10 changes in 300 seconds. Saving...
800:M 28 Jul 2026 06:50:26.270 * Background saving started by pid 456707
456707:C 28 Jul 2026 06:50:26.273 * DB saved on disk
456707:C 28 Jul 2026 06:50:26.274 * Fork CoW for RDB: current 0 MB, peak 0 MB, average 0 MB
800:M 28 Jul 2026 06:50:26.370 * Background saving terminated with success
800:M 28 Jul 2026 08:40:07.703 * 1 changes in 900 seconds. Saving...
800:M 28 Jul 2026 08:40:07.704 * Background saving started by pid 464504
464504:C 28 Jul 2026 08:40:07.707 * DB saved on disk
464504:C 28 Jul 2026 08:40:07.708 * Fork CoW for RDB: current 0 MB, peak 0 MB, average 0 MB
800:M 28 Jul 2026 08:40:07.804 * Background saving terminated with success
800:M 28 Jul 2026 08:55:08.001 * 1 changes in 900 seconds. Saving...
800:M 28 Jul 2026 08:55:08.002 * Background saving started by pid 465555
465555:C 28 Jul 2026 08:55:08.006 * DB saved on disk
465555:C 28 Jul 2026 08:55:08.007 * Fork CoW for RDB: current 0 MB, peak 0 MB, average 0 MB
800:M 28 Jul 2026 08:55:08.103 * Background saving terminated with success
800:M 28 Jul 2026 09:33:36.940 * 1 changes in 900 seconds. Saving...
800:M 28 Jul 2026 09:33:36.941 * Background saving started by pid 468263
468263:C 28 Jul 2026 09:33:36.944 * DB saved on disk
468263:C 28 Jul 2026 09:33:36.945 * Fork CoW for RDB: current 0 MB, peak 0 MB, average 0 MB
800:M 28 Jul 2026 09:33:37.041 * Background saving terminated with success
800:M 28 Jul 2026 09:38:38.086 * 10 changes in 300 seconds. Saving...
800:M 28 Jul 2026 09:38:38.087 * Background saving started by pid 468612
468612:C 28 Jul 2026 09:38:38.091 * DB saved on disk
468612:C 28 Jul 2026 09:38:38.092 * Fork CoW for RDB: current 0 MB, peak 0 MB, average 0 MB
800:M 28 Jul 2026 09:38:38.188 * Background saving terminated with success
800:M 28 Jul 2026 09:43:39.067 * 10 changes in 300 seconds. Saving...
800:M 28 Jul 2026 09:43:39.068 * Background saving started by pid 469008
469008:C 28 Jul 2026 09:43:39.072 * DB saved on disk
469008:C 28 Jul 2026 09:43:39.073 * Fork CoW for RDB: current 0 MB, peak 0 MB, average 0 MB
800:M 28 Jul 2026 09:43:39.168 * Background saving terminated with success
800:M 28 Jul 2026 12:18:29.258 * 1 changes in 900 seconds. Saving...
800:M 28 Jul 2026 12:18:29.259 * Background saving started by pid 480031
480031:C 28 Jul 2026 12:18:29.263 * DB saved on disk
480031:C 28 Jul 2026 12:18:29.263 * Fork CoW for RDB: current 0 MB, peak 0 MB, average 0 MB
800:M 28 Jul 2026 12:18:29.359 * Background saving terminated with success
800:M 28 Jul 2026 13:02:31.753 * 1 changes in 900 seconds. Saving...
800:M 28 Jul 2026 13:02:31.754 * Background saving started by pid 483118
483118:C 28 Jul 2026 13:02:31.758 * DB saved on disk
483118:C 28 Jul 2026 13:02:31.759 * Fork CoW for RDB: current 0 MB, peak 0 MB, average 0 MB
800:M 28 Jul 2026 13:02:31.855 * Background saving terminated with success
800:M 28 Jul 2026 13:07:32.033 * 10 changes in 300 seconds. Saving...
800:M 28 Jul 2026 13:07:32.033 * Background saving started by pid 483469
483469:C 28 Jul 2026 13:07:32.037 * DB saved on disk
483469:C 28 Jul 2026 13:07:32.038 * Fork CoW for RDB: current 0 MB, peak 0 MB, average 0 MB
800:M 28 Jul 2026 13:07:32.134 * Background saving terminated with success
800:M 28 Jul 2026 13:22:33.017 * 1 changes in 900 seconds. Saving...
800:M 28 Jul 2026 13:22:33.018 * Background saving started by pid 484561
484561:C 28 Jul 2026 13:22:33.021 * DB saved on disk
484561:C 28 Jul 2026 13:22:33.022 * Fork CoW for RDB: current 0 MB, peak 0 MB, average 0 MB
800:M 28 Jul 2026 13:22:33.119 * Background saving terminated with success
800:M 28 Jul 2026 13:32:30.919 * 10 changes in 300 seconds. Saving...
800:M 28 Jul 2026 13:32:30.920 * Background saving started by pid 485262
485262:C 28 Jul 2026 13:32:30.924 * DB saved on disk
485262:C 28 Jul 2026 13:32:30.924 * Fork CoW for RDB: current 0 MB, peak 0 MB, average 0 MB
800:M 28 Jul 2026 13:32:31.021 * Background saving terminated with success
800:M 28 Jul 2026 13:47:32.070 * 1 changes in 900 seconds. Saving...
800:M 28 Jul 2026 13:47:32.071 * Background saving started by pid 486352
486352:C 28 Jul 2026 13:47:32.074 * DB saved on disk
486352:C 28 Jul 2026 13:47:32.075 * Fork CoW for RDB: current 0 MB, peak 0 MB, average 0 MB
800:M 28 Jul 2026 13:47:32.171 * Background saving terminated with success
800:M 28 Jul 2026 14:02:33.006 * 1 changes in 900 seconds. Saving...
800:M 28 Jul 2026 14:02:33.007 * Background saving started by pid 487402
487402:C 28 Jul 2026 14:02:33.011 * DB saved on disk
487402:C 28 Jul 2026 14:02:33.011 * Fork CoW for RDB: current 0 MB, peak 0 MB, average 0 MB
800:M 28 Jul 2026 14:02:33.108 * Background saving terminated with success
800:M 28 Jul 2026 14:17:34.017 * 1 changes in 900 seconds. Saving...
800:M 28 Jul 2026 14:17:34.019 * Background saving started by pid 488494
488494:C 28 Jul 2026 14:17:34.023 * DB saved on disk
488494:C 28 Jul 2026 14:17:34.023 * Fork CoW for RDB: current 0 MB, peak 0 MB, average 0 MB
800:M 28 Jul 2026 14:17:34.119 * Background saving terminated with success
800:M 28 Jul 2026 15:50:52.812 * 1 changes in 900 seconds. Saving...
800:M 28 Jul 2026 15:50:52.813 * Background saving started by pid 495115
495115:C 28 Jul 2026 15:50:52.817 * DB saved on disk
495115:C 28 Jul 2026 15:50:52.817 * Fork CoW for RDB: current 0 MB, peak 0 MB, average 0 MB
800:M 28 Jul 2026 15:50:52.914 * Background saving terminated with success
800:M 28 Jul 2026 15:55:53.085 * 10 changes in 300 seconds. Saving...
800:M 28 Jul 2026 15:55:53.087 * Background saving started by pid 495464
495464:C 28 Jul 2026 15:55:53.090 * DB saved on disk
495464:C 28 Jul 2026 15:55:53.091 * Fork CoW for RDB: current 0 MB, peak 0 MB, average 0 MB
800:M 28 Jul 2026 15:55:53.187 * Background saving terminated with success
800:M 28 Jul 2026 16:00:54.059 * 10 changes in 300 seconds. Saving...
800:M 28 Jul 2026 16:00:54.060 * Background saving started by pid 495796
495796:C 28 Jul 2026 16:00:54.063 * DB saved on disk
495796:C 28 Jul 2026 16:00:54.063 * Fork CoW for RDB: current 0 MB, peak 0 MB, average 0 MB
800:M 28 Jul 2026 16:00:54.160 * Background saving terminated with success
800:M 28 Jul 2026 16:05:55.032 * 10 changes in 300 seconds. Saving...
800:M 28 Jul 2026 16:05:55.033 * Background saving started by pid 496166
496166:C 28 Jul 2026 16:05:55.036 * DB saved on disk
496166:C 28 Jul 2026 16:05:55.037 * Fork CoW for RDB: current 0 MB, peak 0 MB, average 0 MB
800:M 28 Jul 2026 16:05:55.134 * Background saving terminated with success
800:M 28 Jul 2026 16:31:31.528 * 1 changes in 900 seconds. Saving...
800:M 28 Jul 2026 16:31:31.529 * Background saving started by pid 498002
498002:C 28 Jul 2026 16:31:31.532 * DB saved on disk
498002:C 28 Jul 2026 16:31:31.533 * Fork CoW for RDB: current 0 MB, peak 0 MB, average 0 MB
800:M 28 Jul 2026 16:31:31.630 * Background saving terminated with success
800:M 28 Jul 2026 16:36:32.009 * 10 changes in 300 seconds. Saving...
800:M 28 Jul 2026 16:36:32.010 * Background saving started by pid 498353
498353:C 28 Jul 2026 16:36:32.016 * DB saved on disk
498353:C 28 Jul 2026 16:36:32.017 * Fork CoW for RDB: current 0 MB, peak 0 MB, average 0 MB
800:M 28 Jul 2026 16:36:32.111 * Background saving terminated with success
800:M 28 Jul 2026 16:44:39.885 * 10 changes in 300 seconds. Saving...
800:M 28 Jul 2026 16:44:39.886 * Background saving started by pid 498957
498957:C 28 Jul 2026 16:44:39.889 * DB saved on disk
498957:C 28 Jul 2026 16:44:39.890 * Fork CoW for RDB: current 0 MB, peak 0 MB, average 0 MB
800:M 28 Jul 2026 16:44:39.986 * Background saving terminated with success
800:M 28 Jul 2026 16:59:40.080 * 1 changes in 900 seconds. Saving...
800:M 28 Jul 2026 16:59:40.081 * Background saving started by pid 500007
500007:C 28 Jul 2026 16:59:40.085 * DB saved on disk
500007:C 28 Jul 2026 16:59:40.085 * Fork CoW for RDB: current 0 MB, peak 0 MB, average 0 MB
800:M 28 Jul 2026 16:59:40.182 * Background saving terminated with success
800:M 28 Jul 2026 17:46:50.686 * 1 changes in 900 seconds. Saving...
800:M 28 Jul 2026 17:46:50.688 * Background saving started by pid 503383
503383:C 28 Jul 2026 17:46:50.691 * DB saved on disk
503383:C 28 Jul 2026 17:46:50.692 * Fork CoW for RDB: current 0 MB, peak 0 MB, average 0 MB
800:M 28 Jul 2026 17:46:50.788 * Background saving terminated with success
800:M 28 Jul 2026 17:51:51.029 * 10 changes in 300 seconds. Saving...
800:M 28 Jul 2026 17:51:51.030 * Background saving started by pid 503732
503732:C 28 Jul 2026 17:51:51.037 * DB saved on disk
503732:C 28 Jul 2026 17:51:51.038 * Fork CoW for RDB: current 0 MB, peak 0 MB, average 0 MB
800:M 28 Jul 2026 17:51:51.131 * Background saving terminated with success
800:M 28 Jul 2026 19:38:20.664 * 1 changes in 900 seconds. Saving...
800:M 28 Jul 2026 19:38:20.665 * Background saving started by pid 511278
511278:C 28 Jul 2026 19:38:20.669 * DB saved on disk
511278:C 28 Jul 2026 19:38:20.670 * Fork CoW for RDB: current 0 MB, peak 0 MB, average 0 MB
800:M 28 Jul 2026 19:38:20.766 * Background saving terminated with success
800:M 28 Jul 2026 19:43:21.049 * 10 changes in 300 seconds. Saving...
800:M 28 Jul 2026 19:43:21.049 * Background saving started by pid 511675
511675:C 28 Jul 2026 19:43:21.053 * DB saved on disk
511675:C 28 Jul 2026 19:43:21.053 * Fork CoW for RDB: current 0 MB, peak 0 MB, average 0 MB
800:M 28 Jul 2026 19:43:21.150 * Background saving terminated with success
800:M 28 Jul 2026 19:48:22.077 * 10 changes in 300 seconds. Saving...
800:M 28 Jul 2026 19:48:22.078 * Background saving started by pid 512024
512024:C 28 Jul 2026 19:48:22.081 * DB saved on disk
512024:C 28 Jul 2026 19:48:22.082 * Fork CoW for RDB: current 0 MB, peak 0 MB, average 0 MB
800:M 28 Jul 2026 19:48:22.179 * Background saving terminated with success
800:M 28 Jul 2026 20:48:15.526 * 1 changes in 900 seconds. Saving...
800:M 28 Jul 2026 20:48:15.527 * Background saving started by pid 516287
516287:C 28 Jul 2026 20:48:15.532 * DB saved on disk
516287:C 28 Jul 2026 20:48:15.533 * Fork CoW for RDB: current 0 MB, peak 0 MB, average 0 MB
800:M 28 Jul 2026 20:48:15.628 * Background saving terminated with success
800:M 28 Jul 2026 20:53:16.076 * 10 changes in 300 seconds. Saving...
800:M 28 Jul 2026 20:53:16.078 * Background saving started by pid 516638
516638:C 28 Jul 2026 20:53:16.081 * DB saved on disk
516638:C 28 Jul 2026 20:53:16.082 * Fork CoW for RDB: current 0 MB, peak 0 MB, average 0 MB
800:M 28 Jul 2026 20:53:16.178 * Background saving terminated with success
800:M 28 Jul 2026 21:08:17.054 * 1 changes in 900 seconds. Saving...
800:M 28 Jul 2026 21:08:17.055 * Background saving started by pid 517687
517687:C 28 Jul 2026 21:08:17.059 * DB saved on disk
517687:C 28 Jul 2026 21:08:17.060 * Fork CoW for RDB: current 0 MB, peak 0 MB, average 0 MB
800:M 28 Jul 2026 21:08:17.156 * Background saving terminated with success
800:M 28 Jul 2026 21:14:05.843 * 10 changes in 300 seconds. Saving...
800:M 28 Jul 2026 21:14:05.844 * Background saving started by pid 518154
518154:C 28 Jul 2026 21:14:05.848 * DB saved on disk
518154:C 28 Jul 2026 21:14:05.848 * Fork CoW for RDB: current 0 MB, peak 0 MB, average 0 MB
800:M 28 Jul 2026 21:14:05.945 * Background saving terminated with success
800:M 28 Jul 2026 21:26:56.427 * 10 changes in 300 seconds. Saving...
800:M 28 Jul 2026 21:26:56.428 * Background saving started by pid 519031
519031:C 28 Jul 2026 21:26:56.435 * DB saved on disk
519031:C 28 Jul 2026 21:26:56.436 * Fork CoW for RDB: current 0 MB, peak 0 MB, average 0 MB
800:M 28 Jul 2026 21:26:56.528 * Background saving terminated with success
800:M 28 Jul 2026 21:37:31.537 * 10 changes in 300 seconds. Saving...
800:M 28 Jul 2026 21:37:31.538 * Background saving started by pid 519769
519769:C 28 Jul 2026 21:37:31.542 * DB saved on disk
519769:C 28 Jul 2026 21:37:31.542 * Fork CoW for RDB: current 0 MB, peak 0 MB, average 0 MB
800:M 28 Jul 2026 21:37:31.638 * Background saving terminated with success
800:M 28 Jul 2026 22:51:53.838 * 1 changes in 900 seconds. Saving...
800:M 28 Jul 2026 22:51:53.840 * Background saving started by pid 525105
525105:C 28 Jul 2026 22:51:53.846 * DB saved on disk
525105:C 28 Jul 2026 22:51:53.846 * Fork CoW for RDB: current 0 MB, peak 0 MB, average 0 MB
800:M 28 Jul 2026 22:51:53.941 * Background saving terminated with success
800:signal-handler (1785290207) Received SIGTERM scheduling shutdown...
800:M 28 Jul 2026 22:56:47.275 # User requested shutdown...
800:M 28 Jul 2026 22:56:47.275 * Saving the final RDB snapshot before exiting.
800:M 28 Jul 2026 22:56:47.285 * DB saved on disk
800:M 28 Jul 2026 22:56:47.285 * Removing the pid file.
800:M 28 Jul 2026 22:56:47.285 * Removing the unix socket file.
800:M 28 Jul 2026 22:56:47.285 # Redis is now ready to exit, bye bye...
797:C 28 Jul 2026 22:57:40.007 # oO0OoO0OoO0Oo Redis is starting oO0OoO0OoO0Oo
797:C 28 Jul 2026 22:57:40.007 # Redis version=7.0.15, bits=64, commit=00000000, modified=0, pid=797, just started
797:C 28 Jul 2026 22:57:40.007 # Configuration loaded
797:M 28 Jul 2026 22:57:40.007 * Increased maximum number of open files to 10032 (it was originally set to 1024).
797:M 28 Jul 2026 22:57:40.007 * monotonic clock: POSIX clock_gettime
797:M 28 Jul 2026 22:57:40.012 * Running mode=standalone, port=0.
797:M 28 Jul 2026 22:57:40.014 # Server initialized
797:M 28 Jul 2026 22:57:40.014 # WARNING Memory overcommit must be enabled! Without it, a background save or replication may fail under low memory condition. Being disabled, it can can also cause failures without low memory condition, see https://github.com/jemalloc/jemalloc/issues/1328. To fix this issue add 'vm.overcommit_memory = 1' to /etc/sysctl.conf and then reboot or run the command 'sysctl vm.overcommit_memory=1' for this to take effect.
797:M 28 Jul 2026 22:57:40.014 * Loading RDB produced by version 7.0.15
797:M 28 Jul 2026 22:57:40.014 * RDB age 53 seconds
797:M 28 Jul 2026 22:57:40.014 * RDB memory usage when created 1.49 Mb
797:M 28 Jul 2026 22:57:40.014 * Done loading RDB, keys loaded: 386, keys expired: 0.
797:M 28 Jul 2026 22:57:40.014 * DB loaded from disk: 0.001 seconds
797:M 28 Jul 2026 22:57:40.014 * The server is now ready to accept connections at /var/run/redis/redis.sock
797:signal-handler (1785290518) Received SIGTERM scheduling shutdown...
797:M 28 Jul 2026 23:01:58.263 # User requested shutdown...
797:M 28 Jul 2026 23:01:58.263 * Saving the final RDB snapshot before exiting.
797:M 28 Jul 2026 23:01:58.286 * DB saved on disk
797:M 28 Jul 2026 23:01:58.286 * Removing the pid file.
797:M 28 Jul 2026 23:01:58.286 * Removing the unix socket file.
797:M 28 Jul 2026 23:01:58.286 # Redis is now ready to exit, bye bye...
812:C 28 Jul 2026 23:02:14.932 # oO0OoO0OoO0Oo Redis is starting oO0OoO0OoO0Oo
812:C 28 Jul 2026 23:02:14.932 # Redis version=7.0.15, bits=64, commit=00000000, modified=0, pid=812, just started
812:C 28 Jul 2026 23:02:14.932 # Configuration loaded
812:M 28 Jul 2026 23:02:14.935 * Increased maximum number of open files to 10032 (it was originally set to 1024).
812:M 28 Jul 2026 23:02:14.935 * monotonic clock: POSIX clock_gettime
812:M 28 Jul 2026 23:02:14.936 * Running mode=standalone, port=0.
812:M 28 Jul 2026 23:02:14.936 # Server initialized
812:M 28 Jul 2026 23:02:14.936 # WARNING Memory overcommit must be enabled! Without it, a background save or replication may fail under low memory condition. Being disabled, it can can also cause failures without low memory condition, see https://github.com/jemalloc/jemalloc/issues/1328. To fix this issue add 'vm.overcommit_memory = 1' to /etc/sysctl.conf and then reboot or run the command 'sysctl vm.overcommit_memory=1' for this to take effect.
812:M 28 Jul 2026 23:02:14.938 * Loading RDB produced by version 7.0.15
812:M 28 Jul 2026 23:02:14.938 * RDB age 16 seconds
812:M 28 Jul 2026 23:02:14.938 * RDB memory usage when created 1.02 Mb
812:M 28 Jul 2026 23:02:14.939 * Done loading RDB, keys loaded: 386, keys expired: 0.
812:M 28 Jul 2026 23:02:14.939 * DB loaded from disk: 0.001 seconds
812:M 28 Jul 2026 23:02:14.939 * The server is now ready to accept connections at /var/run/redis/redis.sock
812:M 28 Jul 2026 23:18:09.316 * 1 changes in 900 seconds. Saving...
812:M 28 Jul 2026 23:18:09.317 * Background saving started by pid 2100
2100:C 28 Jul 2026 23:18:09.323 * DB saved on disk
2100:C 28 Jul 2026 23:18:09.324 * Fork CoW for RDB: current 0 MB, peak 0 MB, average 0 MB
812:M 28 Jul 2026 23:18:09.418 * Background saving terminated with success
812:M 28 Jul 2026 23:33:10.003 * 1 changes in 900 seconds. Saving...
812:M 28 Jul 2026 23:33:10.004 * Background saving started by pid 3146
3146:C 28 Jul 2026 23:33:10.008 * DB saved on disk
3146:C 28 Jul 2026 23:33:10.010 * Fork CoW for RDB: current 0 MB, peak 0 MB, average 0 MB
812:M 28 Jul 2026 23:33:10.104 * Background saving terminated with success
812:M 28 Jul 2026 23:52:00.970 * 1 changes in 900 seconds. Saving...
812:M 28 Jul 2026 23:52:00.971 * Background saving started by pid 4521
4521:C 28 Jul 2026 23:52:00.975 * DB saved on disk
4521:C 28 Jul 2026 23:52:00.976 * Fork CoW for RDB: current 0 MB, peak 0 MB, average 0 MB
812:M 28 Jul 2026 23:52:01.072 * Background saving terminated with success
812:M 28 Jul 2026 23:57:02.048 * 10 changes in 300 seconds. Saving...
812:M 28 Jul 2026 23:57:02.049 * Background saving started by pid 4818
4818:C 28 Jul 2026 23:57:02.053 * DB saved on disk
4818:C 28 Jul 2026 23:57:02.054 * Fork CoW for RDB: current 0 MB, peak 0 MB, average 0 MB
812:M 28 Jul 2026 23:57:02.149 * Background saving terminated with success
812:M 29 Jul 2026 00:12:05.921 * 1 changes in 900 seconds. Saving...
812:M 29 Jul 2026 00:12:05.922 * Background saving started by pid 5942
5942:C 29 Jul 2026 00:12:05.926 * DB saved on disk
5942:C 29 Jul 2026 00:12:05.927 * Fork CoW for RDB: current 0 MB, peak 0 MB, average 0 MB
812:M 29 Jul 2026 00:12:06.022 * Background saving terminated with success
812:M 29 Jul 2026 00:17:07.036 * 10 changes in 300 seconds. Saving...
812:M 29 Jul 2026 00:17:07.037 * Background saving started by pid 6292
6292:C 29 Jul 2026 00:17:07.040 * DB saved on disk
6292:C 29 Jul 2026 00:17:07.040 * Fork CoW for RDB: current 0 MB, peak 0 MB, average 0 MB
812:M 29 Jul 2026 00:17:07.137 * Background saving terminated with success
812:M 29 Jul 2026 00:34:13.318 * 1 changes in 900 seconds. Saving...
812:M 29 Jul 2026 00:34:13.319 * Background saving started by pid 7480
7480:C 29 Jul 2026 00:34:13.322 * DB saved on disk
7480:C 29 Jul 2026 00:34:13.323 * Fork CoW for RDB: current 0 MB, peak 0 MB, average 0 MB
812:M 29 Jul 2026 00:34:13.419 * Background saving terminated with success
812:M 29 Jul 2026 01:07:57.564 * 1 changes in 900 seconds. Saving...
812:M 29 Jul 2026 01:07:57.565 * Background saving started by pid 9902
9902:C 29 Jul 2026 01:07:57.569 * DB saved on disk
9902:C 29 Jul 2026 01:07:57.570 * Fork CoW for RDB: current 0 MB, peak 0 MB, average 0 MB
812:M 29 Jul 2026 01:07:57.666 * Background saving terminated with success
812:M 29 Jul 2026 01:31:06.175 * 1 changes in 900 seconds. Saving...
812:M 29 Jul 2026 01:31:06.176 * Background saving started by pid 11558
11558:C 29 Jul 2026 01:31:06.179 * DB saved on disk
11558:C 29 Jul 2026 01:31:06.180 * Fork CoW for RDB: current 0 MB, peak 0 MB, average 0 MB
812:M 29 Jul 2026 01:31:06.276 * Background saving terminated with success
812:M 29 Jul 2026 01:46:07.088 * 1 changes in 900 seconds. Saving...
812:M 29 Jul 2026 01:46:07.089 * Background saving started by pid 12650
12650:C 29 Jul 2026 01:46:07.092 * DB saved on disk
12650:C 29 Jul 2026 01:46:07.093 * Fork CoW for RDB: current 0 MB, peak 0 MB, average 0 MB
812:M 29 Jul 2026 01:46:07.189 * Background saving terminated with success
812:M 29 Jul 2026 02:02:11.033 * 1 changes in 900 seconds. Saving...
812:M 29 Jul 2026 02:02:11.034 * Background saving started by pid 13735
13735:C 29 Jul 2026 02:02:11.038 * DB saved on disk
13735:C 29 Jul 2026 02:02:11.039 * Fork CoW for RDB: current 0 MB, peak 0 MB, average 0 MB
812:M 29 Jul 2026 02:02:11.135 * Background saving terminated with success
812:M 29 Jul 2026 02:07:12.002 * 10 changes in 300 seconds. Saving...
812:M 29 Jul 2026 02:07:12.003 * Background saving started by pid 14087
14087:C 29 Jul 2026 02:07:12.007 * DB saved on disk
14087:C 29 Jul 2026 02:07:12.008 * Fork CoW for RDB: current 0 MB, peak 0 MB, average 0 MB
812:M 29 Jul 2026 02:07:12.103 * Background saving terminated with success
812:M 29 Jul 2026 02:26:37.855 * 1 changes in 900 seconds. Saving...
812:M 29 Jul 2026 02:26:37.856 * Background saving started by pid 15497
15497:C 29 Jul 2026 02:26:37.860 * DB saved on disk
15497:C 29 Jul 2026 02:26:37.860 * Fork CoW for RDB: current 0 MB, peak 0 MB, average 0 MB
812:M 29 Jul 2026 02:26:37.956 * Background saving terminated with success
812:M 29 Jul 2026 02:38:02.343 * 10 changes in 300 seconds. Saving...
812:M 29 Jul 2026 02:38:02.344 * Background saving started by pid 16301
16301:C 29 Jul 2026 02:38:02.348 * DB saved on disk
16301:C 29 Jul 2026 02:38:02.349 * Fork CoW for RDB: current 0 MB, peak 0 MB, average 0 MB
812:M 29 Jul 2026 02:38:02.445 * Background saving terminated with success
812:M 29 Jul 2026 03:17:27.425 * 1 changes in 900 seconds. Saving...
812:M 29 Jul 2026 03:17:27.426 * Background saving started by pid 19145
19145:C 29 Jul 2026 03:17:27.430 * DB saved on disk
19145:C 29 Jul 2026 03:17:27.431 * Fork CoW for RDB: current 0 MB, peak 0 MB, average 0 MB
812:M 29 Jul 2026 03:17:27.527 * Background saving terminated with success
812:M 29 Jul 2026 03:32:28.014 * 1 changes in 900 seconds. Saving...
812:M 29 Jul 2026 03:32:28.015 * Background saving started by pid 20193
20193:C 29 Jul 2026 03:32:28.021 * DB saved on disk
20193:C 29 Jul 2026 03:32:28.022 * Fork CoW for RDB: current 0 MB, peak 0 MB, average 0 MB
812:M 29 Jul 2026 03:32:28.116 * Background saving terminated with success
812:M 29 Jul 2026 03:52:03.479 * 1 changes in 900 seconds. Saving...
812:M 29 Jul 2026 03:52:03.480 * Background saving started by pid 21599
21599:C 29 Jul 2026 03:52:03.484 * DB saved on disk
21599:C 29 Jul 2026 03:52:03.484 * Fork CoW for RDB: current 0 MB, peak 0 MB, average 0 MB
812:M 29 Jul 2026 03:52:03.580 * Background saving terminated with success
812:M 29 Jul 2026 03:57:04.057 * 10 changes in 300 seconds. Saving...
812:M 29 Jul 2026 03:57:04.058 * Background saving started by pid 21949
21949:C 29 Jul 2026 03:57:04.061 * DB saved on disk
21949:C 29 Jul 2026 03:57:04.062 * Fork CoW for RDB: current 0 MB, peak 0 MB, average 0 MB
812:M 29 Jul 2026 03:57:04.158 * Background saving terminated with success
812:M 29 Jul 2026 04:10:59.123 * 10 changes in 300 seconds. Saving...
812:M 29 Jul 2026 04:10:59.124 * Background saving started by pid 22970
22970:C 29 Jul 2026 04:10:59.131 * DB saved on disk
22970:C 29 Jul 2026 04:10:59.133 * Fork CoW for RDB: current 0 MB, peak 0 MB, average 0 MB
812:M 29 Jul 2026 04:10:59.225 * Background saving terminated with success
812:M 29 Jul 2026 04:16:00.013 * 10 changes in 300 seconds. Saving...
812:M 29 Jul 2026 04:16:00.014 * Background saving started by pid 23323
23323:C 29 Jul 2026 04:16:00.018 * DB saved on disk
23323:C 29 Jul 2026 04:16:00.018 * Fork CoW for RDB: current 0 MB, peak 0 MB, average 0 MB
812:M 29 Jul 2026 04:16:00.115 * Background saving terminated with success
812:M 29 Jul 2026 04:21:01.009 * 10 changes in 300 seconds. Saving...
812:M 29 Jul 2026 04:21:01.010 * Background saving started by pid 23676
23676:C 29 Jul 2026 04:21:01.014 * DB saved on disk
23676:C 29 Jul 2026 04:21:01.015 * Fork CoW for RDB: current 0 MB, peak 0 MB, average 0 MB
812:M 29 Jul 2026 04:21:01.111 * Background saving terminated with success
812:M 29 Jul 2026 05:03:37.353 * 1 changes in 900 seconds. Saving...
812:M 29 Jul 2026 05:03:37.353 * Background saving started by pid 26700
26700:C 29 Jul 2026 05:03:37.357 * DB saved on disk
26700:C 29 Jul 2026 05:03:37.358 * Fork CoW for RDB: current 0 MB, peak 0 MB, average 0 MB
812:M 29 Jul 2026 05:03:37.454 * Background saving terminated with success
812:M 29 Jul 2026 05:20:15.084 * 1 changes in 900 seconds. Saving...
812:M 29 Jul 2026 05:20:15.085 * Background saving started by pid 27899
27899:C 29 Jul 2026 05:20:15.088 * DB saved on disk
27899:C 29 Jul 2026 05:20:15.089 * Fork CoW for RDB: current 0 MB, peak 0 MB, average 0 MB
812:M 29 Jul 2026 05:20:15.185 * Background saving terminated with success
812:M 29 Jul 2026 06:00:07.445 * 1 changes in 900 seconds. Saving...
812:M 29 Jul 2026 06:00:07.446 * Background saving started by pid 30789
30789:C 29 Jul 2026 06:00:07.451 * DB saved on disk
30789:C 29 Jul 2026 06:00:07.451 * Fork CoW for RDB: current 0 MB, peak 0 MB, average 0 MB
812:M 29 Jul 2026 06:00:07.546 * Background saving terminated with success
812:M 29 Jul 2026 06:05:08.099 * 10 changes in 300 seconds. Saving...
812:M 29 Jul 2026 06:05:08.100 * Background saving started by pid 31139
31139:C 29 Jul 2026 06:05:08.105 * DB saved on disk
31139:C 29 Jul 2026 06:05:08.106 * Fork CoW for RDB: current 0 MB, peak 0 MB, average 0 MB
812:M 29 Jul 2026 06:05:08.201 * Background saving terminated with success
812:M 29 Jul 2026 06:51:47.783 * 1 changes in 900 seconds. Saving...
812:M 29 Jul 2026 06:51:47.784 * Background saving started by pid 34609
34609:C 29 Jul 2026 06:51:47.788 * DB saved on disk
34609:C 29 Jul 2026 06:51:47.788 * Fork CoW for RDB: current 0 MB, peak 0 MB, average 0 MB
812:M 29 Jul 2026 06:51:47.884 * Background saving terminated with success
812:M 29 Jul 2026 06:56:48.076 * 10 changes in 300 seconds. Saving...
812:M 29 Jul 2026 06:56:48.077 * Background saving started by pid 34960
34960:C 29 Jul 2026 06:56:48.087 * DB saved on disk
34960:C 29 Jul 2026 06:56:48.089 * Fork CoW for RDB: current 0 MB, peak 0 MB, average 0 MB
812:M 29 Jul 2026 06:56:48.177 * Background saving terminated with success
812:M 29 Jul 2026 07:02:46.521 * 10 changes in 300 seconds. Saving...
812:M 29 Jul 2026 07:02:46.522 * Background saving started by pid 35383
35383:C 29 Jul 2026 07:02:46.525 * DB saved on disk
35383:C 29 Jul 2026 07:02:46.526 * Fork CoW for RDB: current 0 MB, peak 0 MB, average 0 MB
812:M 29 Jul 2026 07:02:46.622 * Background saving terminated with success
812:M 29 Jul 2026 07:17:47.022 * 1 changes in 900 seconds. Saving...
812:M 29 Jul 2026 07:17:47.023 * Background saving started by pid 36488
36488:C 29 Jul 2026 07:17:47.028 * DB saved on disk
36488:C 29 Jul 2026 07:17:47.029 * Fork CoW for RDB: current 0 MB, peak 0 MB, average 0 MB
812:M 29 Jul 2026 07:17:47.124 * Background saving terminated with success
812:M 29 Jul 2026 07:30:57.563 * 10 changes in 300 seconds. Saving...
812:M 29 Jul 2026 07:30:57.564 * Background saving started by pid 37403
37403:C 29 Jul 2026 07:30:57.567 * DB saved on disk
37403:C 29 Jul 2026 07:30:57.568 * Fork CoW for RDB: current 0 MB, peak 0 MB, average 0 MB
812:M 29 Jul 2026 07:30:57.664 * Background saving terminated with success
812:M 29 Jul 2026 07:40:11.209 * 10 changes in 300 seconds. Saving...
812:M 29 Jul 2026 07:40:11.213 * Background saving started by pid 38088
38088:C 29 Jul 2026 07:40:11.222 * DB saved on disk
38088:C 29 Jul 2026 07:40:11.223 * Fork CoW for RDB: current 0 MB, peak 0 MB, average 0 MB
812:M 29 Jul 2026 07:40:11.315 * Background saving terminated with success
812:M 29 Jul 2026 07:50:54.606 * 10 changes in 300 seconds. Saving...
812:M 29 Jul 2026 07:50:54.607 * Background saving started by pid 39171
39171:C 29 Jul 2026 07:50:54.612 * DB saved on disk
39171:C 29 Jul 2026 07:50:54.613 * Fork CoW for RDB: current 0 MB, peak 0 MB, average 0 MB
812:M 29 Jul 2026 07:50:54.707 * Background saving terminated with success
812:M 29 Jul 2026 07:55:55.084 * 10 changes in 300 seconds. Saving...
812:M 29 Jul 2026 07:55:55.085 * Background saving started by pid 39522
39522:C 29 Jul 2026 07:55:55.088 * DB saved on disk
39522:C 29 Jul 2026 07:55:55.089 * Fork CoW for RDB: current 0 MB, peak 0 MB, average 0 MB
812:M 29 Jul 2026 07:55:55.185 * Background saving terminated with success
812:M 29 Jul 2026 08:11:09.636 * 1 changes in 900 seconds. Saving...
812:M 29 Jul 2026 08:11:09.637 * Background saving started by pid 40620
40620:C 29 Jul 2026 08:11:09.641 * DB saved on disk
40620:C 29 Jul 2026 08:11:09.642 * Fork CoW for RDB: current 0 MB, peak 0 MB, average 0 MB
812:M 29 Jul 2026 08:11:09.738 * Background saving terminated with success
812:M 29 Jul 2026 08:16:10.036 * 10 changes in 300 seconds. Saving...
812:M 29 Jul 2026 08:16:10.037 * Background saving started by pid 40971
40971:C 29 Jul 2026 08:16:10.041 * DB saved on disk
40971:C 29 Jul 2026 08:16:10.042 * Fork CoW for RDB: current 0 MB, peak 0 MB, average 0 MB
812:M 29 Jul 2026 08:16:10.138 * Background saving terminated with success
812:M 29 Jul 2026 11:08:39.029 * 1 changes in 900 seconds. Saving...
812:M 29 Jul 2026 11:08:39.030 * Background saving started by pid 53190
53190:C 29 Jul 2026 11:08:39.033 * DB saved on disk
53190:C 29 Jul 2026 11:08:39.034 * Fork CoW for RDB: current 0 MB, peak 0 MB, average 0 MB
812:M 29 Jul 2026 11:08:39.130 * Background saving terminated with success
812:M 29 Jul 2026 11:23:40.011 * 1 changes in 900 seconds. Saving...
812:M 29 Jul 2026 11:23:40.012 * Background saving started by pid 54283
54283:C 29 Jul 2026 11:23:40.015 * DB saved on disk
54283:C 29 Jul 2026 11:23:40.016 * Fork CoW for RDB: current 0 MB, peak 0 MB, average 0 MB
812:M 29 Jul 2026 11:23:40.112 * Background saving terminated with success
812:M 29 Jul 2026 11:49:07.370 * 1 changes in 900 seconds. Saving...
812:M 29 Jul 2026 11:49:07.371 * Background saving started by pid 56114
56114:C 29 Jul 2026 11:49:07.374 * DB saved on disk
56114:C 29 Jul 2026 11:49:07.375 * Fork CoW for RDB: current 0 MB, peak 0 MB, average 0 MB
812:M 29 Jul 2026 11:49:07.471 * Background saving terminated with success
812:M 29 Jul 2026 11:54:08.026 * 10 changes in 300 seconds. Saving...
812:M 29 Jul 2026 11:54:08.027 * Background saving started by pid 56464
56464:C 29 Jul 2026 11:54:08.030 * DB saved on disk
56464:C 29 Jul 2026 11:54:08.031 * Fork CoW for RDB: current 0 MB, peak 0 MB, average 0 MB
812:M 29 Jul 2026 11:54:08.127 * Background saving terminated with success
812:M 29 Jul 2026 12:09:19.773 * 1 changes in 900 seconds. Saving...
812:M 29 Jul 2026 12:09:19.773 * Background saving started by pid 57556
57556:C 29 Jul 2026 12:09:19.777 * DB saved on disk
57556:C 29 Jul 2026 12:09:19.778 * Fork CoW for RDB: current 0 MB, peak 0 MB, average 0 MB
812:M 29 Jul 2026 12:09:19.874 * Background saving terminated with success
812:M 29 Jul 2026 12:14:20.031 * 10 changes in 300 seconds. Saving...
812:M 29 Jul 2026 12:14:20.032 * Background saving started by pid 57905
57905:C 29 Jul 2026 12:14:20.035 * DB saved on disk
57905:C 29 Jul 2026 12:14:20.036 * Fork CoW for RDB: current 0 MB, peak 0 MB, average 0 MB
812:M 29 Jul 2026 12:14:20.132 * Background saving terminated with success
